Archive member included to satisfy reference by file (symbol)

c:/st/stm32cubeide_1.9.0/stm32cubeide/plugins/com.st.stm32cube.ide.mcu.externaltools.gnu-tools-for-stm32.10.3-2021.10.win32_1.0.100.202210260954/tools/bin/../lib/gcc/arm-none-eabi/10.3.1/../../../../arm-none-eabi/lib/thumb/v7e-m+fp/hard\libc_nano.a(lib_a-errno.o)
                              ./Core/Src/syscalls.o (__errno)
c:/st/stm32cubeide_1.9.0/stm32cubeide/plugins/com.st.stm32cube.ide.mcu.externaltools.gnu-tools-for-stm32.10.3-2021.10.win32_1.0.100.202210260954/tools/bin/../lib/gcc/arm-none-eabi/10.3.1/../../../../arm-none-eabi/lib/thumb/v7e-m+fp/hard\libc_nano.a(lib_a-exit.o)
                              c:/st/stm32cubeide_1.9.0/stm32cubeide/plugins/com.st.stm32cube.ide.mcu.externaltools.gnu-tools-for-stm32.10.3-2021.10.win32_1.0.100.202210260954/tools/bin/../lib/gcc/arm-none-eabi/10.3.1/../../../../arm-none-eabi/lib/thumb/v7e-m+fp/hard/crt0.o (exit)
c:/st/stm32cubeide_1.9.0/stm32cubeide/plugins/com.st.stm32cube.ide.mcu.externaltools.gnu-tools-for-stm32.10.3-2021.10.win32_1.0.100.202210260954/tools/bin/../lib/gcc/arm-none-eabi/10.3.1/../../../../arm-none-eabi/lib/thumb/v7e-m+fp/hard\libc_nano.a(lib_a-impure.o)
                              c:/st/stm32cubeide_1.9.0/stm32cubeide/plugins/com.st.stm32cube.ide.mcu.externaltools.gnu-tools-for-stm32.10.3-2021.10.win32_1.0.100.202210260954/tools/bin/../lib/gcc/arm-none-eabi/10.3.1/../../../../arm-none-eabi/lib/thumb/v7e-m+fp/hard\libc_nano.a(lib_a-exit.o) (_global_impure_ptr)
c:/st/stm32cubeide_1.9.0/stm32cubeide/plugins/com.st.stm32cube.ide.mcu.externaltools.gnu-tools-for-stm32.10.3-2021.10.win32_1.0.100.202210260954/tools/bin/../lib/gcc/arm-none-eabi/10.3.1/../../../../arm-none-eabi/lib/thumb/v7e-m+fp/hard\libc_nano.a(lib_a-init.o)
                              c:/st/stm32cubeide_1.9.0/stm32cubeide/plugins/com.st.stm32cube.ide.mcu.externaltools.gnu-tools-for-stm32.10.3-2021.10.win32_1.0.100.202210260954/tools/bin/../lib/gcc/arm-none-eabi/10.3.1/../../../../arm-none-eabi/lib/thumb/v7e-m+fp/hard/crt0.o (__libc_init_array)
c:/st/stm32cubeide_1.9.0/stm32cubeide/plugins/com.st.stm32cube.ide.mcu.externaltools.gnu-tools-for-stm32.10.3-2021.10.win32_1.0.100.202210260954/tools/bin/../lib/gcc/arm-none-eabi/10.3.1/../../../../arm-none-eabi/lib/thumb/v7e-m+fp/hard\libc_nano.a(lib_a-malloc.o)
                              ./Core/Src/File_Handling.o (malloc)
c:/st/stm32cubeide_1.9.0/stm32cubeide/plugins/com.st.stm32cube.ide.mcu.externaltools.gnu-tools-for-stm32.10.3-2021.10.win32_1.0.100.202210260954/tools/bin/../lib/gcc/arm-none-eabi/10.3.1/../../../../arm-none-eabi/lib/thumb/v7e-m+fp/hard\libc_nano.a(lib_a-memset.o)
                              c:/st/stm32cubeide_1.9.0/stm32cubeide/plugins/com.st.stm32cube.ide.mcu.externaltools.gnu-tools-for-stm32.10.3-2021.10.win32_1.0.100.202210260954/tools/bin/../lib/gcc/arm-none-eabi/10.3.1/../../../../arm-none-eabi/lib/thumb/v7e-m+fp/hard/crt0.o (memset)
c:/st/stm32cubeide_1.9.0/stm32cubeide/plugins/com.st.stm32cube.ide.mcu.externaltools.gnu-tools-for-stm32.10.3-2021.10.win32_1.0.100.202210260954/tools/bin/../lib/gcc/arm-none-eabi/10.3.1/../../../../arm-none-eabi/lib/thumb/v7e-m+fp/hard\libc_nano.a(lib_a-nano-freer.o)
                              c:/st/stm32cubeide_1.9.0/stm32cubeide/plugins/com.st.stm32cube.ide.mcu.externaltools.gnu-tools-for-stm32.10.3-2021.10.win32_1.0.100.202210260954/tools/bin/../lib/gcc/arm-none-eabi/10.3.1/../../../../arm-none-eabi/lib/thumb/v7e-m+fp/hard\libc_nano.a(lib_a-malloc.o) (_free_r)
c:/st/stm32cubeide_1.9.0/stm32cubeide/plugins/com.st.stm32cube.ide.mcu.externaltools.gnu-tools-for-stm32.10.3-2021.10.win32_1.0.100.202210260954/tools/bin/../lib/gcc/arm-none-eabi/10.3.1/../../../../arm-none-eabi/lib/thumb/v7e-m+fp/hard\libc_nano.a(lib_a-nano-mallocr.o)
                              c:/st/stm32cubeide_1.9.0/stm32cubeide/plugins/com.st.stm32cube.ide.mcu.externaltools.gnu-tools-for-stm32.10.3-2021.10.win32_1.0.100.202210260954/tools/bin/../lib/gcc/arm-none-eabi/10.3.1/../../../../arm-none-eabi/lib/thumb/v7e-m+fp/hard\libc_nano.a(lib_a-malloc.o) (_malloc_r)
c:/st/stm32cubeide_1.9.0/stm32cubeide/plugins/com.st.stm32cube.ide.mcu.externaltools.gnu-tools-for-stm32.10.3-2021.10.win32_1.0.100.202210260954/tools/bin/../lib/gcc/arm-none-eabi/10.3.1/../../../../arm-none-eabi/lib/thumb/v7e-m+fp/hard\libc_nano.a(lib_a-sbrkr.o)
                              c:/st/stm32cubeide_1.9.0/stm32cubeide/plugins/com.st.stm32cube.ide.mcu.externaltools.gnu-tools-for-stm32.10.3-2021.10.win32_1.0.100.202210260954/tools/bin/../lib/gcc/arm-none-eabi/10.3.1/../../../../arm-none-eabi/lib/thumb/v7e-m+fp/hard\libc_nano.a(lib_a-nano-mallocr.o) (_sbrk_r)
c:/st/stm32cubeide_1.9.0/stm32cubeide/plugins/com.st.stm32cube.ide.mcu.externaltools.gnu-tools-for-stm32.10.3-2021.10.win32_1.0.100.202210260954/tools/bin/../lib/gcc/arm-none-eabi/10.3.1/../../../../arm-none-eabi/lib/thumb/v7e-m+fp/hard\libc_nano.a(lib_a-sprintf.o)
[...]
Memory Configuration

Name             Origin             Length             Attributes
CCMRAM           0x0000000010000000 0x0000000000010000 xrw
RAM              0x0000000020000000 0x0000000000020000 xrw
FLASH            0x0000000008000000 0x0000000000100000 xr
*default*        0x0000000000000000 0xffffffffffffffff

Linker script and memory map

LOAD c:/st/stm32cubeide_1.9.0/stm32cubeide/plugins/com.st.stm32cube.ide.mcu.externaltools.gnu-tools-for-stm32.10.3-2021.10.win32_1.0.100.202210260954/tools/bin/../lib/gcc/arm-none-eabi/10.3.1/thumb/v7e-m+fp/hard/crti.o
LOAD c:/st/stm32cubeide_1.9.0/stm32cubeide/plugins/com.st.stm32cube.ide.mcu.externaltools.gnu-tools-for-stm32.10.3-2021.10.win32_1.0.100.202210260954/tools/bin/../lib/gcc/arm-none-eabi/10.3.1/thumb/v7e-m+fp/hard/crtbegin.o
LOAD c:/st/stm32cubeide_1.9.0/stm32cubeide/plugins/com.st.stm32cube.ide.mcu.externaltools.gnu-tools-for-stm32.10.3-2021.10.win32_1.0.100.202210260954/tools/bin/../lib/gcc/arm-none-eabi/10.3.1/../../../../arm-none-eabi/lib/thumb/v7e-m+fp/hard/crt0.o
LOAD ./Core/Src/File_Handling.o
LOAD ./Core/Src/main.o
LOAD ./Core/Src/stm32f4xx_hal_msp.o
LOAD ./Core/Src/stm32f4xx_it.o
LOAD ./Core/Src/syscalls.o
LOAD ./Core/Src/sysmem.o
LOAD ./Core/Src/system_stm32f4xx.o
LOAD ./Core/Startup/startup_stm32f407vgtx.o
LOAD ./Drivers/STM32F4xx_HAL_Driver/Src/stm32f4xx_hal.o
LOAD ./Drivers/STM32F4xx_HAL_Driver/Src/stm32f4xx_hal_cortex.o
LOAD ./Drivers/STM32F4xx_HAL_Driver/Src/stm32f4xx_hal_dma.o
LOAD ./Drivers/STM32F4xx_HAL_Driver/Src/stm32f4xx_hal_dma_ex.o
LOAD ./Drivers/STM32F4xx_HAL_Driver/Src/stm32f4xx_hal_exti.o
LOAD ./Drivers/STM32F4xx_HAL_Driver/Src/stm32f4xx_hal_flash.o
LOAD ./Drivers/STM32F4xx_HAL_Driver/Src/stm32f4xx_hal_flash_ex.o
LOAD ./Drivers/STM32F4xx_HAL_Driver/Src/stm32f4xx_hal_flash_ramfunc.o
LOAD ./Drivers/STM32F4xx_HAL_Driver/Src/stm32f4xx_hal_gpio.o
LOAD ./Drivers/STM32F4xx_HAL_Driver/Src/stm32f4xx_hal_pwr.o
LOAD ./Drivers/STM32F4xx_HAL_Driver/Src/stm32f4xx_hal_pwr_ex.o
LOAD ./Drivers/STM32F4xx_HAL_Driver/Src/stm32f4xx_hal_rcc.o
LOAD ./Drivers/STM32F4xx_HAL_Driver/Src/stm32f4xx_hal_rcc_ex.o
LOAD ./Drivers/STM32F4xx_HAL_Driver/Src/stm32f4xx_hal_sd.o
LOAD ./Drivers/STM32F4xx_HAL_Driver/Src/stm32f4xx_ll_sdmmc.o
LOAD ./FATFS/App/fatfs.o
LOAD ./FATFS/Target/bsp_driver_sd.o
LOAD ./FATFS/Target/sd_diskio.o
LOAD ./Middlewares/Third_Party/FatFs/src/diskio.o
LOAD ./Middlewares/Third_Party/FatFs/src/ff.o
LOAD ./Middlewares/Third_Party/FatFs/src/ff_gen_drv.o
LOAD ./Middlewares/Third_Party/FatFs/src/option/syscall.o
START GROUP
LOAD c:/st/stm32cubeide_1.9.0/stm32cubeide/plugins/com.st.stm32cube.ide.mcu.externaltools.gnu-tools-for-stm32.10.3-2021.10.win32_1.0.100.202210260954/tools/bin/../lib/gcc/arm-none-eabi/10.3.1/../../../../arm-none-eabi/lib/thumb/v7e-m+fp/hard\libc_nano.a
LOAD c:/st/stm32cubeide_1.9.0/stm32cubeide/plugins/com.st.stm32cube.ide.mcu.externaltools.gnu-tools-for-stm32.10.3-2021.10.win32_1.0.100.202210260954/tools/bin/../lib/gcc/arm-none-eabi/10.3.1/../../../../arm-none-eabi/lib/thumb/v7e-m+fp/hard\libm.a
END GROUP
START GROUP
LOAD c:/st/stm32cubeide_1.9.0/stm32cubeide/plugins/com.st.stm32cube.ide.mcu.externaltools.gnu-tools-for-stm32.10.3-2021.10.win32_1.0.100.202210260954/tools/bin/../lib/gcc/arm-none-eabi/10.3.1/thumb/v7e-m+fp/hard\libgcc.a
LOAD c:/st/stm32cubeide_1.9.0/stm32cubeide/plugins/com.st.stm32cube.ide.mcu.externaltools.gnu-tools-for-stm32.10.3-2021.10.win32_1.0.100.202210260954/tools/bin/../lib/gcc/arm-none-eabi/10.3.1/../../../../arm-none-eabi/lib/thumb/v7e-m+fp/hard\libc_nano.a
END GROUP
START GROUP
LOAD c:/st/stm32cubeide_1.9.0/stm32cubeide/plugins/com.st.stm32cube.ide.mcu.externaltools.gnu-tools-for-stm32.10.3-2021.10.win32_1.0.100.202210260954/tools/bin/../lib/gcc/arm-none-eabi/10.3.1/thumb/v7e-m+fp/hard\libgcc.a
LOAD c:/st/stm32cubeide_1.9.0/stm32cubeide/plugins/com.st.stm32cube.ide.mcu.externaltools.gnu-tools-for-stm32.10.3-2021.10.win32_1.0.100.202210260954/tools/bin/../lib/gcc/arm-none-eabi/10.3.1/../../../../arm-none-eabi/lib/thumb/v7e-m+fp/hard\libc_nano.a
LOAD c:/st/stm32cubeide_1.9.0/stm32cubeide/plugins/com.st.stm32cube.ide.mcu.externaltools.gnu-tools-for-stm32.10.3-2021.10.win32_1.0.100.202210260954/tools/bin/../lib/gcc/arm-none-eabi/10.3.1/../../../../arm-none-eabi/lib/thumb/v7e-m+fp/hard\libnosys.a
END GROUP
START GROUP
LOAD c:/st/stm32cubeide_1.9.0/stm32cubeide/plugins/com.st.stm32cube.ide.mcu.externaltools.gnu-tools-for-stm32.10.3-2021.10.win32_1.0.100.202210260954/tools/bin/../lib/gcc/arm-none-eabi/10.3.1/thumb/v7e-m+fp/hard\libgcc.a
LOAD c:/st/stm32cubeide_1.9.0/stm32cubeide/plugins/com.st.stm32cube.ide.mcu.externaltools.gnu-tools-for-stm32.10.3-2021.10.win32_1.0.100.202210260954/tools/bin/../lib/gcc/arm-none-eabi/10.3.1/../../../../arm-none-eabi/lib/thumb/v7e-m+fp/hard\libc_nano.a
LOAD c:/st/stm32cubeide_1.9.0/stm32cubeide/plugins/com.st.stm32cube.ide.mcu.externaltools.gnu-tools-for-stm32.10.3-2021.10.win32_1.0.100.202210260954/tools/bin/../lib/gcc/arm-none-eabi/10.3.1/../../../../arm-none-eabi/lib/thumb/v7e-m+fp/hard\libnosys.a
END GROUP
LOAD c:/st/stm32cubeide_1.9.0/stm32cubeide/plugins/com.st.stm32cube.ide.mcu.externaltools.gnu-tools-for-stm32.10.3-2021.10.win32_1.0.100.202210260954/tools/bin/../lib/gcc/arm-none-eabi/10.3.1/thumb/v7e-m+fp/hard/crtend.o
LOAD c:/st/stm32cubeide_1.9.0/stm32cubeide/plugins/com.st.stm32cube.ide.mcu.externaltools.gnu-tools-for-stm32.10.3-2021.10.win32_1.0.100.202210260954/tools/bin/../lib/gcc/arm-none-eabi/10.3.1/thumb/v7e-m+fp/hard/crtn.o
                0x0000000020020000                _estack = (ORIGIN (RAM) + LENGTH (RAM))
                0x0000000000000200                _Min_Heap_Size = 0x200
                0x0000000000000400                _Min_Stack_Size = 0x400

.isr_vector     0x0000000008000000      0x188
                0x0000000008000000                . = ALIGN (0x4)
 *(.isr_vector)
 .isr_vector    0x0000000008000000      0x188 ./Core/Startup/startup_stm32f407vgtx.o
                0x0000000008000000                g_pfnVectors
                0x0000000008000188                . = ALIGN (0x4)

.text           0x0000000008000190     0x7794
                0x0000000008000190                . = ALIGN (0x4)
 *(.text)
 .text          0x0000000008000190       0x40 c:/st/stm32cubeide_1.9.0/stm32cubeide/plugins/com.st.stm32cube.ide.mcu.externaltools.gnu-tools-for-stm32.10.3-2021.10.win32_1.0.100.202210260954/tools/bin/../lib/gcc/arm-none-eabi/10.3.1/thumb/v7e-m+fp/hard/crtbegin.o
 .text          0x00000000080001d0       0x14 c:/st/stm32cubeide_1.9.0/stm32cubeide/plugins/com.st.stm32cube.ide.mcu.externaltools.gnu-tools-for-stm32.10.3-2021.10.win32_1.0.100.202210260954/tools/bin/../lib/gcc/arm-none-eabi/10.3.1/../../../../arm-none-eabi/lib/thumb/v7e-m+fp/hard\libc_nano.a(lib_a-strcmp.o)
                0x00000000080001d0                strcmp
 .text          0x00000000080001e4       0x10 c:/st/stm32cubeide_1.9.0/stm32cubeide/plugins/com.st.stm32cube.ide.mcu.externaltools.gnu-tools-for-stm32.10.3-2021.10.win32_1.0.100.202210260954/tools/bin/../lib/gcc/arm-none-eabi/10.3.1/../../../../arm-none-eabi/lib/thumb/v7e-m+fp/hard\libc_nano.a(lib_a-strlen.o)
                0x00000000080001e4                strlen
 *fill*         0x00000000080001f4        0xc 
 .text          0x0000000008000200       0xa0 c:/st/stm32cubeide_1.9.0/stm32cubeide/plugins/com.st.stm32cube.ide.mcu.externaltools.gnu-tools-for-stm32.10.3-2021.10.win32_1.0.100.202210260954/tools/bin/../lib/gcc/arm-none-eabi/10.3.1/../../../../arm-none-eabi/lib/thumb/v7e-m+fp/hard\libc_nano.a(lib_a-memchr.o)
                0x0000000008000200                memchr
 .text          0x00000000080002a0       0x30 c:/st/stm32cubeide_1.9.0/stm32cubeide/plugins/com.st.stm32cube.ide.mcu.externaltools.gnu-tools-for-stm32.10.3-2021.10.win32_1.0.100.202210260954/tools/bin/../lib/gcc/arm-none-eabi/10.3.1/thumb/v7e-m+fp/hard\libgcc.a(_aeabi_uldivmod.o)
                0x00000000080002a0                __aeabi_uldivmod
 .text          0x00000000080002d0      0x2d0 c:/st/stm32cubeide_1.9.0/stm32cubeide/plugins/com.st.stm32cube.ide.mcu.externaltools.gnu-tools-for-stm32.10.3-2021.10.win32_1.0.100.202210260954/tools/bin/../lib/gcc/arm-none-eabi/10.3.1/thumb/v7e-m+fp/hard\libgcc.a(_udivmoddi4.o)
                0x00000000080002d0                __udivmoddi4
 .text          0x00000000080005a0        0x4 c:/st/stm32cubeide_1.9.0/stm32cubeide/plugins/com.st.stm32cube.ide.mcu.externaltools.gnu-tools-for-stm32.10.3-2021.10.win32_1.0.100.202210260954/tools/bin/../lib/gcc/arm-none-eabi/10.3.1/thumb/v7e-m+fp/hard\libgcc.a(_dvmd_tls.o)
                0x00000000080005a0                __aeabi_idiv0
                0x00000000080005a0                __aeabi_ldiv0
 *(.text*)
 .text.Send_Uart
                0x00000000080005a4       0x14 ./Core/Src/File_Handling.o
                0x00000000080005a4                Send_Uart
 .text.Mount_SD
                0x00000000080005b8       0x48 ./Core/Src/File_Handling.o
                0x00000000080005b8                Mount_SD
 .text.Unmount_SD
                0x0000000008000600       0x44 ./Core/Src/File_Handling.o
                0x0000000008000600                Unmount_SD
 .text.Format_SD
                0x0000000008000644       0xcc ./Core/Src/File_Handling.o
                0x0000000008000644                Format_SD
 .text.Create_File
                0x0000000008000710      0x138 ./Core/Src/File_Handling.o
                0x0000000008000710                Create_File
 .text.Update_File
                0x0000000008000848      0x18c ./Core/Src/File_Handling.o
                0x0000000008000848                Update_File
 .text.main     0x00000000080009d4       0x78 ./Core/Src/main.o
                0x00000000080009d4                main
 .text.SystemClock_Config
                0x0000000008000a4c       0xd0 ./Core/Src/main.o
                0x0000000008000a4c                SystemClock_Config
 .text.MX_SDIO_SD_Init
                0x0000000008000b1c       0x40 ./Core/Src/main.o
 .text.MX_DMA_Init
                0x0000000008000b5c       0x50 ./Core/Src/main.o
 .text.MX_GPIO_Init
                0x0000000008000bac       0x50 ./Core/Src/main.o
 .text.Error_Handler
                0x0000000008000bfc        0xa ./Core/Src/main.o
                0x0000000008000bfc                Error_Handler
 *fill*         0x0000000008000c06        0x2 
 .text.HAL_MspInit
                0x0000000008000c08       0x50 ./Core/Src/stm32f4xx_hal_msp.o
                0x0000000008000c08                HAL_MspInit
 .text.HAL_SD_MspInit
                0x0000000008000c58      0x200 ./Core/Src/stm32f4xx_hal_msp.o
                0x0000000008000c58                HAL_SD_MspInit
 .text.NMI_Handler
                0x0000000008000e58        0x6 ./Core/Src/stm32f4xx_it.o
                0x0000000008000e58                NMI_Handler
 .text.HardFault_Handler
                0x0000000008000e5e        0x6 ./Core/Src/stm32f4xx_it.o
                0x0000000008000e5e                HardFault_Handler
 .text.MemManage_Handler
                0x0000000008000e64        0x6 ./Core/Src/stm32f4xx_it.o
                0x0000000008000e64                MemManage_Handler
 .text.BusFault_Handler
                0x0000000008000e6a        0x6 ./Core/Src/stm32f4xx_it.o
                0x0000000008000e6a                BusFault_Handler
 .text.UsageFault_Handler
                0x0000000008000e70        0x6 ./Core/Src/stm32f4xx_it.o
                0x0000000008000e70                UsageFault_Handler
 .text.SVC_Handler
                0x0000000008000e76        0xe ./Core/Src/stm32f4xx_it.o
                0x0000000008000e76                SVC_Handler
 .text.DebugMon_Handler
                0x0000000008000e84        0xe ./Core/Src/stm32f4xx_it.o
                0x0000000008000e84                DebugMon_Handler
 .text.PendSV_Handler
                0x0000000008000e92        0xe ./Core/Src/stm32f4xx_it.o
                0x0000000008000e92                PendSV_Handler
 .text.SysTick_Handler
                0x0000000008000ea0        0xc ./Core/Src/stm32f4xx_it.o
                0x0000000008000ea0                SysTick_Handler
 .text.SDIO_IRQHandler
                0x0000000008000eac       0x14 ./Core/Src/stm32f4xx_it.o
                0x0000000008000eac                SDIO_IRQHandler
 .text.DMA2_Stream3_IRQHandler
                0x0000000008000ec0       0x14 ./Core/Src/stm32f4xx_it.o
                0x0000000008000ec0                DMA2_Stream3_IRQHandler
 .text.DMA2_Stream6_IRQHandler
                0x0000000008000ed4       0x14 ./Core/Src/stm32f4xx_it.o
                0x0000000008000ed4                DMA2_Stream6_IRQHandler
 .text._sbrk    0x0000000008000ee8       0x6c ./Core/Src/sysmem.o
                0x0000000008000ee8                _sbrk
 .text.SystemInit
                0x0000000008000f54       0x24 ./Core/Src/system_stm32f4xx.o
                0x0000000008000f54                SystemInit
 .text.Reset_Handler
                0x0000000008000f78       0x50 ./Core/Startup/startup_stm32f407vgtx.o
                0x0000000008000f78                Reset_Handler
 .text.Default_Handler
                0x0000000008000fc8        0x2 ./Core/Startup/startup_stm32f407vgtx.o
                0x0000000008000fc8                RTC_Alarm_IRQHandler
                0x0000000008000fc8                HASH_RNG_IRQHandler
                0x0000000008000fc8                EXTI2_IRQHandler
                0x0000000008000fc8                TIM8_CC_IRQHandler
                0x0000000008000fc8                TIM1_CC_IRQHandler
                0x0000000008000fc8                DMA2_Stream5_IRQHandler
                0x0000000008000fc8                DMA1_Stream5_IRQHandler
                0x0000000008000fc8                PVD_IRQHandler
                0x0000000008000fc8                TAMP_STAMP_IRQHandler
                0x0000000008000fc8                CAN2_RX1_IRQHandler
                0x0000000008000fc8                EXTI3_IRQHandler
                0x0000000008000fc8                TIM8_TRG_COM_TIM14_IRQHandler
                0x0000000008000fc8                TIM1_UP_TIM10_IRQHandler
                0x0000000008000fc8                TIM8_UP_TIM13_IRQHandler
                0x0000000008000fc8                I2C3_ER_IRQHandler
                0x0000000008000fc8                EXTI0_IRQHandler
                0x0000000008000fc8                I2C2_EV_IRQHandler
                0x0000000008000fc8                DMA1_Stream2_IRQHandler
                0x0000000008000fc8                CAN1_RX0_IRQHandler
                0x0000000008000fc8                FPU_IRQHandler
                0x0000000008000fc8                OTG_HS_WKUP_IRQHandler
                0x0000000008000fc8                CAN2_SCE_IRQHandler
                0x0000000008000fc8                DMA2_Stream2_IRQHandler
                0x0000000008000fc8                SPI1_IRQHandler
                0x0000000008000fc8                TIM6_DAC_IRQHandler
                0x0000000008000fc8                TIM1_BRK_TIM9_IRQHandler
                0x0000000008000fc8                DCMI_IRQHandler
                0x0000000008000fc8                CAN2_RX0_IRQHandler
                0x0000000008000fc8                USART6_IRQHandler
                0x0000000008000fc8                USART3_IRQHandler
                0x0000000008000fc8                CAN1_RX1_IRQHandler
                0x0000000008000fc8                UART5_IRQHandler
                0x0000000008000fc8                DMA2_Stream0_IRQHandler
                0x0000000008000fc8                TIM4_IRQHandler
                0x0000000008000fc8                I2C1_EV_IRQHandler
                0x0000000008000fc8                DMA1_Stream6_IRQHandler
                0x0000000008000fc8                DMA1_Stream1_IRQHandler
                0x0000000008000fc8                UART4_IRQHandler
                0x0000000008000fc8                TIM3_IRQHandler
                0x0000000008000fc8                RCC_IRQHandler
                0x0000000008000fc8                TIM8_BRK_TIM12_IRQHandler
                0x0000000008000fc8                Default_Handler
                0x0000000008000fc8                EXTI15_10_IRQHandler
                0x0000000008000fc8                ADC_IRQHandler
                0x0000000008000fc8                DMA1_Stream7_IRQHandler
                0x0000000008000fc8                TIM7_IRQHandler
                0x0000000008000fc8                CAN2_TX_IRQHandler
                0x0000000008000fc8                TIM5_IRQHandler
                0x0000000008000fc8                DMA2_Stream7_IRQHandler
                0x0000000008000fc8                I2C3_EV_IRQHandler
                0x0000000008000fc8                EXTI9_5_IRQHandler
                0x0000000008000fc8                RTC_WKUP_IRQHandler
                0x0000000008000fc8                ETH_WKUP_IRQHandler
                0x0000000008000fc8                SPI2_IRQHandler
                0x0000000008000fc8                OTG_HS_EP1_IN_IRQHandler
                0x0000000008000fc8                DMA1_Stream0_IRQHandler
                0x0000000008000fc8                CAN1_TX_IRQHandler
                0x0000000008000fc8                EXTI4_IRQHandler
                0x0000000008000fc8                FSMC_IRQHandler
                0x0000000008000fc8                ETH_IRQHandler
                0x0000000008000fc8                OTG_HS_EP1_OUT_IRQHandler
                0x0000000008000fc8                WWDG_IRQHandler
                0x0000000008000fc8                TIM2_IRQHandler
                0x0000000008000fc8                OTG_FS_WKUP_IRQHandler
                0x0000000008000fc8                TIM1_TRG_COM_TIM11_IRQHandler
                0x0000000008000fc8                OTG_HS_IRQHandler
                0x0000000008000fc8                EXTI1_IRQHandler
                0x0000000008000fc8                USART2_IRQHandler
                0x0000000008000fc8                I2C2_ER_IRQHandler
                0x0000000008000fc8                DMA2_Stream1_IRQHandler
                0x0000000008000fc8                CAN1_SCE_IRQHandler
                0x0000000008000fc8                FLASH_IRQHandler
                0x0000000008000fc8                DMA2_Stream4_IRQHandler
                0x0000000008000fc8                USART1_IRQHandler
                0x0000000008000fc8                OTG_FS_IRQHandler
                0x0000000008000fc8                SPI3_IRQHandler
                0x0000000008000fc8                DMA1_Stream4_IRQHandler
                0x0000000008000fc8                I2C1_ER_IRQHandler
                0x0000000008000fc8                DMA1_Stream3_IRQHandler
 *fill*         0x0000000008000fca        0x2 
 .text.HAL_Init
                0x0000000008000fcc       0x44 ./Drivers/STM32F4xx_HAL_Driver/Src/stm32f4xx_hal.o
                0x0000000008000fcc                HAL_Init
 .text.HAL_InitTick
                0x0000000008001010       0x60 ./Drivers/STM32F4xx_HAL_Driver/Src/stm32f4xx_hal.o
                0x0000000008001010                HAL_InitTick
 .text.HAL_IncTick
                0x0000000008001070       0x28 ./Drivers/STM32F4xx_HAL_Driver/Src/stm32f4xx_hal.o
                0x0000000008001070                HAL_IncTick
 .text.HAL_GetTick
                0x0000000008001098       0x18 ./Drivers/STM32F4xx_HAL_Driver/Src/stm32f4xx_hal.o
                0x0000000008001098                HAL_GetTick
 .text.HAL_Delay
                0x00000000080010b0       0x48 ./Drivers/STM32F4xx_HAL_Driver/Src/stm32f4xx_hal.o
                0x00000000080010b0                HAL_Delay
 .text.__NVIC_SetPriorityGrouping
                0x00000000080010f8       0x48 ./Drivers/STM32F4xx_HAL_Driver/Src/stm32f4xx_hal_cortex.o
 .text.__NVIC_GetPriorityGrouping
                0x0000000008001140       0x1c ./Drivers/STM32F4xx_HAL_Driver/Src/stm32f4xx_hal_cortex.o
 .text.__NVIC_EnableIRQ
                0x000000000800115c       0x3c ./Drivers/STM32F4xx_HAL_Driver/Src/stm32f4xx_hal_cortex.o
 .text.__NVIC_SetPriority
                0x0000000008001198       0x54 ./Drivers/STM32F4xx_HAL_Driver/Src/stm32f4xx_hal_cortex.o
 .text.NVIC_EncodePriority
                0x00000000080011ec       0x66 ./Drivers/STM32F4xx_HAL_Driver/Src/stm32f4xx_hal_cortex.o
 *fill*         0x0000000008001252        0x2 
 .text.SysTick_Config
                0x0000000008001254       0x44 ./Drivers/STM32F4xx_HAL_Driver/Src/stm32f4xx_hal_cortex.o
 .text.HAL_NVIC_SetPriorityGrouping
                0x0000000008001298       0x16 ./Drivers/STM32F4xx_HAL_Driver/Src/stm32f4xx_hal_cortex.o
                0x0000000008001298                HAL_NVIC_SetPriorityGrouping
 .text.HAL_NVIC_SetPriority
                0x00000000080012ae       0x38 ./Drivers/STM32F4xx_HAL_Driver/Src/stm32f4xx_hal_cortex.o
                0x00000000080012ae                HAL_NVIC_SetPriority
 .text.HAL_NVIC_EnableIRQ
                0x00000000080012e6       0x1c ./Drivers/STM32F4xx_HAL_Driver/Src/stm32f4xx_hal_cortex.o
                0x00000000080012e6                HAL_NVIC_EnableIRQ
 .text.HAL_SYSTICK_Config
                0x0000000008001302       0x18 ./Drivers/STM32F4xx_HAL_Driver/Src/stm32f4xx_hal_cortex.o
                0x0000000008001302                HAL_SYSTICK_Config
 *fill*         0x000000000800131a        0x2 
 .text.HAL_DMA_Init
                0x000000000800131c      0x15c ./Drivers/STM32F4xx_HAL_Driver/Src/stm32f4xx_hal_dma.o
                0x000000000800131c                HAL_DMA_Init
 .text.HAL_DMA_Start_IT
                0x0000000008001478       0xb0 ./Drivers/STM32F4xx_HAL_Driver/Src/stm32f4xx_hal_dma.o
                0x0000000008001478                HAL_DMA_Start_IT
 .text.HAL_DMA_Abort_IT
                0x0000000008001528       0x44 ./Drivers/STM32F4xx_HAL_Driver/Src/stm32f4xx_hal_dma.o
                0x0000000008001528                HAL_DMA_Abort_IT
 .text.HAL_DMA_IRQHandler
                0x000000000800156c      0x314 ./Drivers/STM32F4xx_HAL_Driver/Src/stm32f4xx_hal_dma.o
                0x000000000800156c                HAL_DMA_IRQHandler
 .text.HAL_DMA_GetError
                0x0000000008001880       0x18 ./Drivers/STM32F4xx_HAL_Driver/Src/stm32f4xx_hal_dma.o
                0x0000000008001880                HAL_DMA_GetError
 .text.DMA_SetConfig
                0x0000000008001898       0x5c ./Drivers/STM32F4xx_HAL_Driver/Src/stm32f4xx_hal_dma.o
 .text.DMA_CalcBaseAndBitshift
                0x00000000080018f4       0x6c ./Drivers/STM32F4xx_HAL_Driver/Src/stm32f4xx_hal_dma.o
 .text.DMA_CheckFifoParam
                0x0000000008001960       0xf8 ./Drivers/STM32F4xx_HAL_Driver/Src/stm32f4xx_hal_dma.o
 .text.HAL_GPIO_Init
                0x0000000008001a58      0x338 ./Drivers/STM32F4xx_HAL_Driver/Src/stm32f4xx_hal_gpio.o
                0x0000000008001a58                HAL_GPIO_Init
 .text.HAL_RCC_OscConfig
                0x0000000008001d90      0x4f0 ./Drivers/STM32F4xx_HAL_Driver/Src/stm32f4xx_hal_rcc.o
                0x0000000008001d90                HAL_RCC_OscConfig
 .text.HAL_RCC_ClockConfig
                0x0000000008002280      0x1cc ./Drivers/STM32F4xx_HAL_Driver/Src/stm32f4xx_hal_rcc.o
                0x0000000008002280                HAL_RCC_ClockConfig
 .text.HAL_RCC_GetSysClockFreq
                0x000000000800244c      0x18c ./Drivers/STM32F4xx_HAL_Driver/Src/stm32f4xx_hal_rcc.o
                0x000000000800244c                HAL_RCC_GetSysClockFreq
 .text.HAL_SD_Init
                0x00000000080025d8       0x60 ./Drivers/STM32F4xx_HAL_Driver/Src/stm32f4xx_hal_sd.o
                0x00000000080025d8                HAL_SD_Init
 .text.HAL_SD_InitCard
                0x0000000008002638      0x100 ./Drivers/STM32F4xx_HAL_Driver/Src/stm32f4xx_hal_sd.o
                0x0000000008002638                HAL_SD_InitCard
 .text.HAL_SD_ReadBlocks_DMA
                0x0000000008002738      0x1c4 ./Drivers/STM32F4xx_HAL_Driver/Src/stm32f4xx_hal_sd.o
                0x0000000008002738                HAL_SD_ReadBlocks_DMA
 .text.HAL_SD_WriteBlocks_DMA
                0x00000000080028fc      0x1cc ./Drivers/STM32F4xx_HAL_Driver/Src/stm32f4xx_hal_sd.o
                0x00000000080028fc                HAL_SD_WriteBlocks_DMA
 .text.HAL_SD_IRQHandler
                0x0000000008002ac8      0x30c ./Drivers/STM32F4xx_HAL_Driver/Src/stm32f4xx_hal_sd.o
                0x0000000008002ac8                HAL_SD_IRQHandler
 .text.HAL_SD_ErrorCallback
                0x0000000008002dd4       0x14 ./Drivers/STM32F4xx_HAL_Driver/Src/stm32f4xx_hal_sd.o
                0x0000000008002dd4                HAL_SD_ErrorCallback
 .text.HAL_SD_GetCardCSD
                0x0000000008002de8      0x348 ./Drivers/STM32F4xx_HAL_Driver/Src/stm32f4xx_hal_sd.o
                0x0000000008002de8                HAL_SD_GetCardCSD
 .text.HAL_SD_GetCardInfo
                0x0000000008003130       0x58 ./Drivers/STM32F4xx_HAL_Driver/Src/stm32f4xx_hal_sd.o
                0x0000000008003130                HAL_SD_GetCardInfo
 .text.HAL_SD_GetCardState
                0x0000000008003188       0x40 ./Drivers/STM32F4xx_HAL_Driver/Src/stm32f4xx_hal_sd.o
                0x0000000008003188                HAL_SD_GetCardState
 .text.SD_DMATransmitCplt
                0x00000000080031c8       0x2a ./Drivers/STM32F4xx_HAL_Driver/Src/stm32f4xx_hal_sd.o
 .text.SD_DMAReceiveCplt
                0x00000000080031f2       0x70 ./Drivers/STM32F4xx_HAL_Driver/Src/stm32f4xx_hal_sd.o
 *fill*         0x0000000008003262        0x2 
 .text.SD_DMAError
                0x0000000008003264       0xa4 ./Drivers/STM32F4xx_HAL_Driver/Src/stm32f4xx_hal_sd.o
 .text.SD_DMATxAbort
                0x0000000008003308       0x6e ./Drivers/STM32F4xx_HAL_Driver/Src/stm32f4xx_hal_sd.o
 .text.SD_DMARxAbort
                0x0000000008003376       0x6e ./Drivers/STM32F4xx_HAL_Driver/Src/stm32f4xx_hal_sd.o
 .text.SD_InitCard
                0x00000000080033e4      0x19c ./Drivers/STM32F4xx_HAL_Driver/Src/stm32f4xx_hal_sd.o
 .text.SD_PowerON
                0x0000000008003580      0x11c ./Drivers/STM32F4xx_HAL_Driver/Src/stm32f4xx_hal_sd.o
 .text.SD_SendStatus
                0x000000000800369c       0x50 ./Drivers/STM32F4xx_HAL_Driver/Src/stm32f4xx_hal_sd.o
 .text.SD_Read_IT
                0x00000000080036ec       0xa2 ./Drivers/STM32F4xx_HAL_Driver/Src/stm32f4xx_hal_sd.o
 .text.SD_Write_IT
                0x000000000800378e       0xaa ./Drivers/STM32F4xx_HAL_Driver/Src/stm32f4xx_hal_sd.o
 .text.SDIO_Init
                0x0000000008003838       0x56 ./Drivers/STM32F4xx_HAL_Driver/Src/stm32f4xx_ll_sdmmc.o
                0x0000000008003838                SDIO_Init
 .text.SDIO_ReadFIFO
                0x000000000800388e       0x1a ./Drivers/STM32F4xx_HAL_Driver/Src/stm32f4xx_ll_sdmmc.o
                0x000000000800388e                SDIO_ReadFIFO
 .text.SDIO_WriteFIFO
                0x00000000080038a8       0x22 ./Drivers/STM32F4xx_HAL_Driver/Src/stm32f4xx_ll_sdmmc.o
                0x00000000080038a8                SDIO_WriteFIFO
 .text.SDIO_PowerState_ON
                0x00000000080038ca       0x1c ./Drivers/STM32F4xx_HAL_Driver/Src/stm32f4xx_ll_sdmmc.o
                0x00000000080038ca                SDIO_PowerState_ON
 .text.SDIO_GetPowerState
                0x00000000080038e6       0x1c ./Drivers/STM32F4xx_HAL_Driver/Src/stm32f4xx_ll_sdmmc.o
                0x00000000080038e6                SDIO_GetPowerState
 .text.SDIO_SendCommand
                0x0000000008003902       0x54 ./Drivers/STM32F4xx_HAL_Driver/Src/stm32f4xx_ll_sdmmc.o
                0x0000000008003902                SDIO_SendCommand
 .text.SDIO_GetCommandResponse
                0x0000000008003956       0x1a ./Drivers/STM32F4xx_HAL_Driver/Src/stm32f4xx_ll_sdmmc.o
                0x0000000008003956                SDIO_GetCommandResponse
 .text.SDIO_GetResponse
                0x0000000008003970       0x26 ./Drivers/STM32F4xx_HAL_Driver/Src/stm32f4xx_ll_sdmmc.o
                0x0000000008003970                SDIO_GetResponse
 .text.SDIO_ConfigData
                0x0000000008003996       0x58 ./Drivers/STM32F4xx_HAL_Driver/Src/stm32f4xx_ll_sdmmc.o
                0x0000000008003996                SDIO_ConfigData
 .text.SDMMC_CmdBlockLength
                0x00000000080039ee       0x44 ./Drivers/STM32F4xx_HAL_Driver/Src/stm32f4xx_ll_sdmmc.o
                0x00000000080039ee                SDMMC_CmdBlockLength
 .text.SDMMC_CmdReadSingleBlock
                0x0000000008003a32       0x44 ./Drivers/STM32F4xx_HAL_Driver/Src/stm32f4xx_ll_sdmmc.o
                0x0000000008003a32                SDMMC_CmdReadSingleBlock
 .text.SDMMC_CmdReadMultiBlock
                0x0000000008003a76       0x44 ./Drivers/STM32F4xx_HAL_Driver/Src/stm32f4xx_ll_sdmmc.o
                0x0000000008003a76                SDMMC_CmdReadMultiBlock
 .text.SDMMC_CmdWriteSingleBlock
                0x0000000008003aba       0x44 ./Drivers/STM32F4xx_HAL_Driver/Src/stm32f4xx_ll_sdmmc.o
                0x0000000008003aba                SDMMC_CmdWriteSingleBlock
 .text.SDMMC_CmdWriteMultiBlock
                0x0000000008003afe       0x44 ./Drivers/STM32F4xx_HAL_Driver/Src/stm32f4xx_ll_sdmmc.o
                0x0000000008003afe                SDMMC_CmdWriteMultiBlock
 *fill*         0x0000000008003b42        0x2 
 .text.SDMMC_CmdStopTransfer
                0x0000000008003b44       0x44 ./Drivers/STM32F4xx_HAL_Driver/Src/stm32f4xx_ll_sdmmc.o
                0x0000000008003b44                SDMMC_CmdStopTransfer
 .text.SDMMC_CmdSelDesel
                0x0000000008003b88       0x46 ./Drivers/STM32F4xx_HAL_Driver/Src/stm32f4xx_ll_sdmmc.o
                0x0000000008003b88                SDMMC_CmdSelDesel
 .text.SDMMC_CmdGoIdleState
                0x0000000008003bce       0x3c ./Drivers/STM32F4xx_HAL_Driver/Src/stm32f4xx_ll_sdmmc.o
                0x0000000008003bce                SDMMC_CmdGoIdleState
 .text.SDMMC_CmdOperCond
                0x0000000008003c0a       0x3e ./Drivers/STM32F4xx_HAL_Driver/Src/stm32f4xx_ll_sdmmc.o
                0x0000000008003c0a                SDMMC_CmdOperCond
 .text.SDMMC_CmdAppCommand
                0x0000000008003c48       0x44 ./Drivers/STM32F4xx_HAL_Driver/Src/stm32f4xx_ll_sdmmc.o
                0x0000000008003c48                SDMMC_CmdAppCommand
 .text.SDMMC_CmdAppOperCommand
                0x0000000008003c8c       0x46 ./Drivers/STM32F4xx_HAL_Driver/Src/stm32f4xx_ll_sdmmc.o
                0x0000000008003c8c                SDMMC_CmdAppOperCommand
 .text.SDMMC_CmdSendCID
                0x0000000008003cd2       0x3c ./Drivers/STM32F4xx_HAL_Driver/Src/stm32f4xx_ll_sdmmc.o
                0x0000000008003cd2                SDMMC_CmdSendCID
 .text.SDMMC_CmdSendCSD
                0x0000000008003d0e       0x3e ./Drivers/STM32F4xx_HAL_Driver/Src/stm32f4xx_ll_sdmmc.o
                0x0000000008003d0e                SDMMC_CmdSendCSD
 .text.SDMMC_CmdSetRelAdd
                0x0000000008003d4c       0x42 ./Drivers/STM32F4xx_HAL_Driver/Src/stm32f4xx_ll_sdmmc.o
                0x0000000008003d4c                SDMMC_CmdSetRelAdd
 .text.SDMMC_CmdSendStatus
                0x0000000008003d8e       0x44 ./Drivers/STM32F4xx_HAL_Driver/Src/stm32f4xx_ll_sdmmc.o
                0x0000000008003d8e                SDMMC_CmdSendStatus
 *fill*         0x0000000008003dd2        0x2 
 .text.SDMMC_GetCmdResp1
                0x0000000008003dd4      0x1dc ./Drivers/STM32F4xx_HAL_Driver/Src/stm32f4xx_ll_sdmmc.o
                0x0000000008003dd4                SDMMC_GetCmdResp1
 .text.SDMMC_GetCmdResp2
                0x0000000008003fb0       0x90 ./Drivers/STM32F4xx_HAL_Driver/Src/stm32f4xx_ll_sdmmc.o
                0x0000000008003fb0                SDMMC_GetCmdResp2
 .text.SDMMC_GetCmdResp3
                0x0000000008004040       0x7c ./Drivers/STM32F4xx_HAL_Driver/Src/stm32f4xx_ll_sdmmc.o
                0x0000000008004040                SDMMC_GetCmdResp3
 .text.SDMMC_GetCmdResp6
                0x00000000080040bc       0xec ./Drivers/STM32F4xx_HAL_Driver/Src/stm32f4xx_ll_sdmmc.o
                0x00000000080040bc                SDMMC_GetCmdResp6
 .text.SDMMC_GetCmdResp7
                0x00000000080041a8       0x9c ./Drivers/STM32F4xx_HAL_Driver/Src/stm32f4xx_ll_sdmmc.o
                0x00000000080041a8                SDMMC_GetCmdResp7
 .text.SDMMC_GetCmdError
                0x0000000008004244       0x58 ./Drivers/STM32F4xx_HAL_Driver/Src/stm32f4xx_ll_sdmmc.o
 .text.MX_FATFS_Init
                0x000000000800429c       0x24 ./FATFS/App/fatfs.o
                0x000000000800429c                MX_FATFS_Init
 .text.get_fattime
                0x00000000080042c0       0x10 ./FATFS/App/fatfs.o
                0x00000000080042c0                get_fattime
 .text.BSP_SD_Init
                0x00000000080042d0       0x30 ./FATFS/Target/bsp_driver_sd.o
                0x00000000080042d0                BSP_SD_Init
 .text.BSP_SD_ReadBlocks_DMA
                0x0000000008004300       0x34 ./FATFS/Target/bsp_driver_sd.o
                0x0000000008004300                BSP_SD_ReadBlocks_DMA
 .text.BSP_SD_WriteBlocks_DMA
                0x0000000008004334       0x34 ./FATFS/Target/bsp_driver_sd.o
                0x0000000008004334                BSP_SD_WriteBlocks_DMA
 .text.BSP_SD_GetCardState
                0x0000000008004368       0x20 ./FATFS/Target/bsp_driver_sd.o
                0x0000000008004368                BSP_SD_GetCardState
 .text.BSP_SD_GetCardInfo
                0x0000000008004388       0x1c ./FATFS/Target/bsp_driver_sd.o
                0x0000000008004388                BSP_SD_GetCardInfo
 .text.HAL_SD_AbortCallback
                0x00000000080043a4       0x14 ./FATFS/Target/bsp_driver_sd.o
                0x00000000080043a4                HAL_SD_AbortCallback
 .text.HAL_SD_TxCpltCallback
                0x00000000080043b8       0x14 ./FATFS/Target/bsp_driver_sd.o
                0x00000000080043b8                HAL_SD_TxCpltCallback
 .text.HAL_SD_RxCpltCallback
                0x00000000080043cc       0x14 ./FATFS/Target/bsp_driver_sd.o
                0x00000000080043cc                HAL_SD_RxCpltCallback
 .text.BSP_SD_AbortCallback
                0x00000000080043e0        0xe ./FATFS/Target/bsp_driver_sd.o
                0x00000000080043e0                BSP_SD_AbortCallback
 .text.BSP_SD_IsDetected
                0x00000000080043ee       0x1a ./FATFS/Target/bsp_driver_sd.o
                0x00000000080043ee                BSP_SD_IsDetected
 .text.SD_CheckStatusWithTimeout
                0x0000000008004408       0x3a ./FATFS/Target/sd_diskio.o
 *fill*         0x0000000008004442        0x2 
 .text.SD_CheckStatus
                0x0000000008004444       0x3c ./FATFS/Target/sd_diskio.o
 .text.SD_initialize
                0x0000000008004480       0x38 ./FATFS/Target/sd_diskio.o
                0x0000000008004480                SD_initialize
 .text.SD_status
                0x00000000080044b8       0x1c ./FATFS/Target/sd_diskio.o
                0x00000000080044b8                SD_status
 .text.SD_read  0x00000000080044d4       0xac ./FATFS/Target/sd_diskio.o
                0x00000000080044d4                SD_read
 .text.SD_write
                0x0000000008004580       0xac ./FATFS/Target/sd_diskio.o
                0x0000000008004580                SD_write
 .text.SD_ioctl
                0x000000000800462c       0xb0 ./FATFS/Target/sd_diskio.o
                0x000000000800462c                SD_ioctl
 .text.BSP_SD_WriteCpltCallback
                0x00000000080046dc       0x18 ./FATFS/Target/sd_diskio.o
                0x00000000080046dc                BSP_SD_WriteCpltCallback
 .text.BSP_SD_ReadCpltCallback
                0x00000000080046f4       0x18 ./FATFS/Target/sd_diskio.o
                0x00000000080046f4                BSP_SD_ReadCpltCallback
 .text.disk_status
                0x000000000800470c       0x34 ./Middlewares/Third_Party/FatFs/src/diskio.o
                0x000000000800470c                disk_status
 .text.disk_initialize
                0x0000000008004740       0x4c ./Middlewares/Third_Party/FatFs/src/diskio.o
                0x0000000008004740                disk_initialize
 .text.disk_read
                0x000000000800478c       0x40 ./Middlewares/Third_Party/FatFs/src/diskio.o
                0x000000000800478c                disk_read
 .text.disk_write
                0x00000000080047cc       0x40 ./Middlewares/Third_Party/FatFs/src/diskio.o
                0x00000000080047cc                disk_write
 .text.disk_ioctl
                0x000000000800480c       0x3c ./Middlewares/Third_Party/FatFs/src/diskio.o
                0x000000000800480c                disk_ioctl
 .text.ld_word  0x0000000008004848       0x30 ./Middlewares/Third_Party/FatFs/src/ff.o
 .text.ld_dword
                0x0000000008004878       0x46 ./Middlewares/Third_Party/FatFs/src/ff.o
 .text.st_word  0x00000000080048be       0x36 ./Middlewares/Third_Party/FatFs/src/ff.o
 .text.st_dword
                0x00000000080048f4       0x58 ./Middlewares/Third_Party/FatFs/src/ff.o
 .text.mem_cpy  0x000000000800494c       0x42 ./Middlewares/Third_Party/FatFs/src/ff.o
 .text.mem_set  0x000000000800498e       0x36 ./Middlewares/Third_Party/FatFs/src/ff.o
 .text.mem_cmp  0x00000000080049c4       0x4e ./Middlewares/Third_Party/FatFs/src/ff.o
 .text.chk_chr  0x0000000008004a12       0x36 ./Middlewares/Third_Party/FatFs/src/ff.o
 .text.chk_lock
                0x0000000008004a48       0xb8 ./Middlewares/Third_Party/FatFs/src/ff.o
 .text.enq_lock
                0x0000000008004b00       0x44 ./Middlewares/Third_Party/FatFs/src/ff.o
 .text.inc_lock
                0x0000000008004b44      0x11c ./Middlewares/Third_Party/FatFs/src/ff.o
 .text.dec_lock
                0x0000000008004c60       0x78 ./Middlewares/Third_Party/FatFs/src/ff.o
 .text.clear_lock
                0x0000000008004cd8       0x48 ./Middlewares/Third_Party/FatFs/src/ff.o
 .text.sync_window
                0x0000000008004d20       0x88 ./Middlewares/Third_Party/FatFs/src/ff.o
 .text.move_window
                0x0000000008004da8       0x5a ./Middlewares/Third_Party/FatFs/src/ff.o
 *fill*         0x0000000008004e02        0x2 
 .text.sync_fs  0x0000000008004e04       0xdc ./Middlewares/Third_Party/FatFs/src/ff.o
 .text.clust2sect
                0x0000000008004ee0       0x3e ./Middlewares/Third_Party/FatFs/src/ff.o
 .text.get_fat  0x0000000008004f1e      0x150 ./Middlewares/Third_Party/FatFs/src/ff.o
 .text.put_fat  0x000000000800506e      0x1d8 ./Middlewares/Third_Party/FatFs/src/ff.o
 .text.remove_chain
                0x0000000008005246       0xca ./Middlewares/Third_Party/FatFs/src/ff.o
 .text.create_chain
                0x0000000008005310      0x130 ./Middlewares/Third_Party/FatFs/src/ff.o
 .text.clmt_clust
                0x0000000008005440       0x68 ./Middlewares/Third_Party/FatFs/src/ff.o
 .text.dir_sdi  0x00000000080054a8       0xf6 ./Middlewares/Third_Party/FatFs/src/ff.o
 .text.dir_next
                0x000000000800559e      0x18a ./Middlewares/Third_Party/FatFs/src/ff.o
 .text.dir_alloc
                0x0000000008005728       0x8e ./Middlewares/Third_Party/FatFs/src/ff.o
 .text.ld_clust
                0x00000000080057b6       0x3e ./Middlewares/Third_Party/FatFs/src/ff.o
 .text.st_clust
                0x00000000080057f4       0x40 ./Middlewares/Third_Party/FatFs/src/ff.o
 .text.dir_read
                0x0000000008005834       0xba ./Middlewares/Third_Party/FatFs/src/ff.o
 .text.dir_find
                0x00000000080058ee       0xaa ./Middlewares/Third_Party/FatFs/src/ff.o
 .text.dir_register
                0x0000000008005998       0x64 ./Middlewares/Third_Party/FatFs/src/ff.o
 .text.dir_remove
                0x00000000080059fc       0x3c ./Middlewares/Third_Party/FatFs/src/ff.o
 .text.get_fileinfo
                0x0000000008005a38       0xbe ./Middlewares/Third_Party/FatFs/src/ff.o
 *fill*         0x0000000008005af6        0x2 
 .text.create_name
                0x0000000008005af8      0x128 ./Middlewares/Third_Party/FatFs/src/ff.o
 .text.follow_path
                0x0000000008005c20       0xe2 ./Middlewares/Third_Party/FatFs/src/ff.o
 .text.get_ldnumber
                0x0000000008005d02       0x88 ./Middlewares/Third_Party/FatFs/src/ff.o
 *fill*         0x0000000008005d8a        0x2 
 .text.check_fs
                0x0000000008005d8c       0xac ./Middlewares/Third_Party/FatFs/src/ff.o
 .text.find_volume
                0x0000000008005e38      0x498 ./Middlewares/Third_Party/FatFs/src/ff.o
 .text.validate
                0x00000000080062d0       0x6a ./Middlewares/Third_Party/FatFs/src/ff.o
 *fill*         0x000000000800633a        0x2 
 .text.f_mount  0x000000000800633c       0x8c ./Middlewares/Third_Party/FatFs/src/ff.o
                0x000000000800633c                f_mount
 .text.f_open   0x00000000080063c8      0x37c ./Middlewares/Third_Party/FatFs/src/ff.o
                0x00000000080063c8                f_open
 .text.f_write  0x0000000008006744      0x2ea ./Middlewares/Third_Party/FatFs/src/ff.o
                0x0000000008006744                f_write
 .text.f_sync   0x0000000008006a2e       0xfc ./Middlewares/Third_Party/FatFs/src/ff.o
                0x0000000008006a2e                f_sync
 .text.f_close  0x0000000008006b2a       0x54 ./Middlewares/Third_Party/FatFs/src/ff.o
                0x0000000008006b2a                f_close
 .text.f_opendir
                0x0000000008006b7e       0xe6 ./Middlewares/Third_Party/FatFs/src/ff.o
                0x0000000008006b7e                f_opendir
 .text.f_closedir
                0x0000000008006c64       0x4c ./Middlewares/Third_Party/FatFs/src/ff.o
                0x0000000008006c64                f_closedir
 .text.f_readdir
                0x0000000008006cb0       0x7a ./Middlewares/Third_Party/FatFs/src/ff.o
                0x0000000008006cb0                f_readdir
 .text.f_stat   0x0000000008006d2a       0x72 ./Middlewares/Third_Party/FatFs/src/ff.o
                0x0000000008006d2a                f_stat
 .text.f_unlink
                0x0000000008006d9c      0x156 ./Middlewares/Third_Party/FatFs/src/ff.o
                0x0000000008006d9c                f_unlink
 *fill*         0x0000000008006ef2        0x2 
 .text.FATFS_LinkDriverEx
                0x0000000008006ef4       0x98 ./Middlewares/Third_Party/FatFs/src/ff_gen_drv.o
                0x0000000008006ef4                FATFS_LinkDriverEx
 .text.FATFS_LinkDriver
                0x0000000008006f8c       0x1e ./Middlewares/Third_Party/FatFs/src/ff_gen_drv.o
                0x0000000008006f8c                FATFS_LinkDriver
 *fill*         0x0000000008006faa        0x2 
 .text.__errno  0x0000000008006fac        0xc c:/st/stm32cubeide_1.9.0/stm32cubeide/plugins/com.st.stm32cube.ide.mcu.externaltools.gnu-tools-for-stm32.10.3-2021.10.win32_1.0.100.202210260954/tools/bin/../lib/gcc/arm-none-eabi/10.3.1/../../../../arm-none-eabi/lib/thumb/v7e-m+fp/hard\libc_nano.a(lib_a-errno.o)
                0x0000000008006fac                __errno
 .text.__libc_init_array
                0x0000000008006fb8       0x48 c:/st/stm32cubeide_1.9.0/stm32cubeide/plugins/com.st.stm32cube.ide.mcu.externaltools.gnu-tools-for-stm32.10.3-2021.10.win32_1.0.100.202210260954/tools/bin/../lib/gcc/arm-none-eabi/10.3.1/../../../../arm-none-eabi/lib/thumb/v7e-m+fp/hard\libc_nano.a(lib_a-init.o)
                0x0000000008006fb8                __libc_init_array
 .text.malloc   0x0000000008007000       0x10 c:/st/stm32cubeide_1.9.0/stm32cubeide/plugins/com.st.stm32cube.ide.mcu.externaltools.gnu-tools-for-stm32.10.3-2021.10.win32_1.0.100.202210260954/tools/bin/../lib/gcc/arm-none-eabi/10.3.1/../../../../arm-none-eabi/lib/thumb/v7e-m+fp/hard\libc_nano.a(lib_a-malloc.o)
                0x0000000008007000                malloc
 .text.free     0x0000000008007010       0x10 c:/st/stm32cubeide_1.9.0/stm32cubeide/plugins/com.st.stm32cube.ide.mcu.externaltools.gnu-tools-for-stm32.10.3-2021.10.win32_1.0.100.202210260954/tools/bin/../lib/gcc/arm-none-eabi/10.3.1/../../../../arm-none-eabi/lib/thumb/v7e-m+fp/hard\libc_nano.a(lib_a-malloc.o)
                0x0000000008007010                free
 .text.memset   0x0000000008007020       0x10 c:/st/stm32cubeide_1.9.0/stm32cubeide/plugins/com.st.stm32cube.ide.mcu.externaltools.gnu-tools-for-stm32.10.3-2021.10.win32_1.0.100.202210260954/tools/bin/../lib/gcc/arm-none-eabi/10.3.1/../../../../arm-none-eabi/lib/thumb/v7e-m+fp/hard\libc_nano.a(lib_a-memset.o)
                0x0000000008007020                memset
 .text._free_r  0x0000000008007030       0x98 c:/st/stm32cubeide_1.9.0/stm32cubeide/plugins/com.st.stm32cube.ide.mcu.externaltools.gnu-tools-for-stm32.10.3-2021.10.win32_1.0.100.202210260954/tools/bin/../lib/gcc/arm-none-eabi/10.3.1/../../../../arm-none-eabi/lib/thumb/v7e-m+fp/hard\libc_nano.a(lib_a-nano-freer.o)
                0x0000000008007030                _free_r
 .text.sbrk_aligned
                0x00000000080070c8       0x40 c:/st/stm32cubeide_1.9.0/stm32cubeide/plugins/com.st.stm32cube.ide.mcu.externaltools.gnu-tools-for-stm32.10.3-2021.10.win32_1.0.100.202210260954/tools/bin/../lib/gcc/arm-none-eabi/10.3.1/../../../../arm-none-eabi/lib/thumb/v7e-m+fp/hard\libc_nano.a(lib_a-nano-mallocr.o)
 .text._malloc_r
                0x0000000008007108       0xe8 c:/st/stm32cubeide_1.9.0/stm32cubeide/plugins/com.st.stm32cube.ide.mcu.externaltools.gnu-tools-for-stm32.10.3-2021.10.win32_1.0.100.202210260954/tools/bin/../lib/gcc/arm-none-eabi/10.3.1/../../../../arm-none-eabi/lib/thumb/v7e-m+fp/hard\libc_nano.a(lib_a-nano-mallocr.o)
                0x0000000008007108                _malloc_r
 .text._sbrk_r  0x00000000080071f0       0x20 c:/st/stm32cubeide_1.9.0/stm32cubeide/plugins/com.st.stm32cube.ide.mcu.externaltools.gnu-tools-for-stm32.10.3-2021.10.win32_1.0.100.202210260954/tools/bin/../lib/gcc/arm-none-eabi/10.3.1/../../../../arm-none-eabi/lib/thumb/v7e-m+fp/hard\libc_nano.a(lib_a-sbrkr.o)
                0x00000000080071f0                _sbrk_r
 .text.sprintf  0x0000000008007210       0x40 c:/st/stm32cubeide_1.9.0/stm32cubeide/plugins/com.st.stm32cube.ide.mcu.externaltools.gnu-tools-for-stm32.10.3-2021.10.win32_1.0.100.202210260954/tools/bin/../lib/gcc/arm-none-eabi/10.3.1/../../../../arm-none-eabi/lib/thumb/v7e-m+fp/hard\libc_nano.a(lib_a-sprintf.o)
                0x0000000008007210                siprintf
                0x0000000008007210                sprintf
 .text.__malloc_lock
                0x0000000008007250        0xc c:/st/stm32cubeide_1.9.0/stm32cubeide/plugins/com.st.stm32cube.ide.mcu.externaltools.gnu-tools-for-stm32.10.3-2021.10.win32_1.0.100.202210260954/tools/bin/../lib/gcc/arm-none-eabi/10.3.1/../../../../arm-none-eabi/lib/thumb/v7e-m+fp/hard\libc_nano.a(lib_a-mlock.o)
                0x0000000008007250                __malloc_lock
 .text.__malloc_unlock
                0x000000000800725c        0xc c:/st/stm32cubeide_1.9.0/stm32cubeide/plugins/com.st.stm32cube.ide.mcu.externaltools.gnu-tools-for-stm32.10.3-2021.10.win32_1.0.100.202210260954/tools/bin/../lib/gcc/arm-none-eabi/10.3.1/../../../../arm-none-eabi/lib/thumb/v7e-m+fp/hard\libc_nano.a(lib_a-mlock.o)
                0x000000000800725c                __malloc_unlock
 .text.__ssputs_r
                0x0000000008007268       0xb6 c:/st/stm32cubeide_1.9.0/stm32cubeide/plugins/com.st.stm32cube.ide.mcu.externaltools.gnu-tools-for-stm32.10.3-2021.10.win32_1.0.100.202210260954/tools/bin/../lib/gcc/arm-none-eabi/10.3.1/../../../../arm-none-eabi/lib/thumb/v7e-m+fp/hard\libc_nano.a(lib_a-nano-svfprintf.o)
                0x0000000008007268                __ssputs_r
 *fill*         0x000000000800731e        0x2 
 .text._svfprintf_r
                0x0000000008007320      0x200 c:/st/stm32cubeide_1.9.0/stm32cubeide/plugins/com.st.stm32cube.ide.mcu.externaltools.gnu-tools-for-stm32.10.3-2021.10.win32_1.0.100.202210260954/tools/bin/../lib/gcc/arm-none-eabi/10.3.1/../../../../arm-none-eabi/lib/thumb/v7e-m+fp/hard\libc_nano.a(lib_a-nano-svfprintf.o)
                0x0000000008007320                _svfiprintf_r
                0x0000000008007320                _svfprintf_r
 .text._printf_common
                0x0000000008007520       0xda c:/st/stm32cubeide_1.9.0/stm32cubeide/plugins/com.st.stm32cube.ide.mcu.externaltools.gnu-tools-for-stm32.10.3-2021.10.win32_1.0.100.202210260954/tools/bin/../lib/gcc/arm-none-eabi/10.3.1/../../../../arm-none-eabi/lib/thumb/v7e-m+fp/hard\libc_nano.a(lib_a-nano-vfprintf_i.o)
                0x0000000008007520                _printf_common
 *fill*         0x00000000080075fa        0x2 
 .text._printf_i
                0x00000000080075fc      0x24c c:/st/stm32cubeide_1.9.0/stm32cubeide/plugins/com.st.stm32cube.ide.mcu.externaltools.gnu-tools-for-stm32.10.3-2021.10.win32_1.0.100.202210260954/tools/bin/../lib/gcc/arm-none-eabi/10.3.1/../../../../arm-none-eabi/lib/thumb/v7e-m+fp/hard\libc_nano.a(lib_a-nano-vfprintf_i.o)
                0x00000000080075fc                _printf_i
 .text.__retarget_lock_acquire_recursive
                0x0000000008007848        0x2 c:/st/stm32cubeide_1.9.0/stm32cubeide/plugins/com.st.stm32cube.ide.mcu.externaltools.gnu-tools-for-stm32.10.3-2021.10.win32_1.0.100.202210260954/tools/bin/../lib/gcc/arm-none-eabi/10.3.1/../../../../arm-none-eabi/lib/thumb/v7e-m+fp/hard\libc_nano.a(lib_a-lock.o)
                0x0000000008007848                __retarget_lock_acquire_recursive
 .text.__retarget_lock_release_recursive
                0x000000000800784a        0x2 c:/st/stm32cubeide_1.9.0/stm32cubeide/plugins/com.st.stm32cube.ide.mcu.externaltools.gnu-tools-for-stm32.10.3-2021.10.win32_1.0.100.202210260954/tools/bin/../lib/gcc/arm-none-eabi/10.3.1/../../../../arm-none-eabi/lib/thumb/v7e-m+fp/hard\libc_nano.a(lib_a-lock.o)
                0x000000000800784a                __retarget_lock_release_recursive
 .text.memcpy   0x000000000800784c       0x1c c:/st/stm32cubeide_1.9.0/stm32cubeide/plugins/com.st.stm32cube.ide.mcu.externaltools.gnu-tools-for-stm32.10.3-2021.10.win32_1.0.100.202210260954/tools/bin/../lib/gcc/arm-none-eabi/10.3.1/../../../../arm-none-eabi/lib/thumb/v7e-m+fp/hard\libc_nano.a(lib_a-memcpy-stub.o)
                0x000000000800784c                memcpy
 .text.memmove  0x0000000008007868       0x34 c:/st/stm32cubeide_1.9.0/stm32cubeide/plugins/com.st.stm32cube.ide.mcu.externaltools.gnu-tools-for-stm32.10.3-2021.10.win32_1.0.100.202210260954/tools/bin/../lib/gcc/arm-none-eabi/10.3.1/../../../../arm-none-eabi/lib/thumb/v7e-m+fp/hard\libc_nano.a(lib_a-memmove.o)
                0x0000000008007868                memmove
 .text._realloc_r
                0x000000000800789c       0x5e c:/st/stm32cubeide_1.9.0/stm32cubeide/plugins/com.st.stm32cube.ide.mcu.externaltools.gnu-tools-for-stm32.10.3-2021.10.win32_1.0.100.202210260954/tools/bin/../lib/gcc/arm-none-eabi/10.3.1/../../../../arm-none-eabi/lib/thumb/v7e-m+fp/hard\libc_nano.a(lib_a-nano-reallocr.o)
                0x000000000800789c                _realloc_r
 .text._malloc_usable_size_r
                0x00000000080078fa       0x10 c:/st/stm32cubeide_1.9.0/stm32cubeide/plugins/com.st.stm32cube.ide.mcu.externaltools.gnu-tools-for-stm32.10.3-2021.10.win32_1.0.100.202210260954/tools/bin/../lib/gcc/arm-none-eabi/10.3.1/../../../../arm-none-eabi/lib/thumb/v7e-m+fp/hard\libc_nano.a(lib_a-nano-msizer.o)
                0x00000000080078fa                _malloc_usable_size_r
 *(.glue_7)
 .glue_7        0x000000000800790a        0x0 linker stubs
 *(.glue_7t)
 .glue_7t       0x000000000800790a        0x0 linker stubs
 *(.eh_frame)
 *fill*         0x000000000800790a        0x2 
 .eh_frame      0x000000000800790c        0x0 c:/st/stm32cubeide_1.9.0/stm32cubeide/plugins/com.st.stm32cube.ide.mcu.externaltools.gnu-tools-for-stm32.10.3-2021.10.win32_1.0.100.202210260954/tools/bin/../lib/gcc/arm-none-eabi/10.3.1/thumb/v7e-m+fp/hard/crtbegin.o
 *(.init)
 .init          0x000000000800790c        0x4 c:/st/stm32cubeide_1.9.0/stm32cubeide/plugins/com.st.stm32cube.ide.mcu.externaltools.gnu-tools-for-stm32.10.3-2021.10.win32_1.0.100.202210260954/tools/bin/../lib/gcc/arm-none-eabi/10.3.1/thumb/v7e-m+fp/hard/crti.o
                0x000000000800790c                _init
 .init          0x0000000008007910        0x8 c:/st/stm32cubeide_1.9.0/stm32cubeide/plugins/com.st.stm32cube.ide.mcu.externaltools.gnu-tools-for-stm32.10.3-2021.10.win32_1.0.100.202210260954/tools/bin/../lib/gcc/arm-none-eabi/10.3.1/thumb/v7e-m+fp/hard/crtn.o
 *(.fini)
 .fini          0x0000000008007918        0x4 c:/st/stm32cubeide_1.9.0/stm32cubeide/plugins/com.st.stm32cube.ide.mcu.externaltools.gnu-tools-for-stm32.10.3-2021.10.win32_1.0.100.202210260954/tools/bin/../lib/gcc/arm-none-eabi/10.3.1/thumb/v7e-m+fp/hard/crti.o
                0x0000000008007918                _fini
 .fini          0x000000000800791c        0x8 c:/st/stm32cubeide_1.9.0/stm32cubeide/plugins/com.st.stm32cube.ide.mcu.externaltools.gnu-tools-for-stm32.10.3-2021.10.win32_1.0.100.202210260954/tools/bin/../lib/gcc/arm-none-eabi/10.3.1/thumb/v7e-m+fp/hard/crtn.o
                0x0000000008007924                . = ALIGN (0x4)
                0x0000000008007924                _etext = .

.vfp11_veneer   0x0000000008007924        0x0
 .vfp11_veneer  0x0000000008007924        0x0 linker stubs

.v4_bx          0x0000000008007924        0x0
 .v4_bx         0x0000000008007924        0x0 linker stubs

.iplt           0x0000000008007924        0x0
 .iplt          0x0000000008007924        0x0 c:/st/stm32cubeide_1.9.0/stm32cubeide/plugins/com.st.stm32cube.ide.mcu.externaltools.gnu-tools-for-stm32.10.3-2021.10.win32_1.0.100.202210260954/tools/bin/../lib/gcc/arm-none-eabi/10.3.1/thumb/v7e-m+fp/hard/crtbegin.o

.rodata         0x0000000008007924      0x568
                0x0000000008007924                . = ALIGN (0x4)
 *(.rodata)
 .rodata        0x0000000008007924      0x416 ./Core/Src/File_Handling.o
 *fill*         0x0000000008007d3a        0x2 
 .rodata        0x0000000008007d3c       0x2c ./Core/Src/main.o
 .rodata        0x0000000008007d68       0x44 ./Middlewares/Third_Party/FatFs/src/ff.o
 *(.rodata*)
 .rodata.AHBPrescTable
                0x0000000008007dac       0x10 ./Core/Src/system_stm32f4xx.o
                0x0000000008007dac                AHBPrescTable
 .rodata.flagBitshiftOffset.0
                0x0000000008007dbc        0x8 ./Drivers/STM32F4xx_HAL_Driver/Src/stm32f4xx_hal_dma.o
 .rodata.SD_Driver
                0x0000000008007dc4       0x14 ./FATFS/Target/sd_diskio.o
                0x0000000008007dc4                SD_Driver
 .rodata.ExCvt  0x0000000008007dd8       0x80 ./Middlewares/Third_Party/FatFs/src/ff.o
 .rodata._svfprintf_r.str1.1
                0x0000000008007e58       0x11 c:/st/stm32cubeide_1.9.0/stm32cubeide/plugins/com.st.stm32cube.ide.mcu.externaltools.gnu-tools-for-stm32.10.3-2021.10.win32_1.0.100.202210260954/tools/bin/../lib/gcc/arm-none-eabi/10.3.1/../../../../arm-none-eabi/lib/thumb/v7e-m+fp/hard\libc_nano.a(lib_a-nano-svfprintf.o)
 .rodata._printf_i.str1.1
                0x0000000008007e69       0x22 c:/st/stm32cubeide_1.9.0/stm32cubeide/plugins/com.st.stm32cube.ide.mcu.externaltools.gnu-tools-for-stm32.10.3-2021.10.win32_1.0.100.202210260954/tools/bin/../lib/gcc/arm-none-eabi/10.3.1/../../../../arm-none-eabi/lib/thumb/v7e-m+fp/hard\libc_nano.a(lib_a-nano-vfprintf_i.o)
                0x0000000008007e8c                . = ALIGN (0x4)
 *fill*         0x0000000008007e8b        0x1 

.ARM.extab      0x0000000008007e8c        0x0
                0x0000000008007e8c                . = ALIGN (0x4)
 *(.ARM.extab* .gnu.linkonce.armextab.*)
                0x0000000008007e8c                . = ALIGN (0x4)

.ARM            0x0000000008007e8c        0x8
                0x0000000008007e8c                . = ALIGN (0x4)
                0x0000000008007e8c                __exidx_start = .
 *(.ARM.exidx*)
 .ARM.exidx     0x0000000008007e8c        0x8 c:/st/stm32cubeide_1.9.0/stm32cubeide/plugins/com.st.stm32cube.ide.mcu.externaltools.gnu-tools-for-stm32.10.3-2021.10.win32_1.0.100.202210260954/tools/bin/../lib/gcc/arm-none-eabi/10.3.1/thumb/v7e-m+fp/hard\libgcc.a(_udivmoddi4.o)
                0x0000000008007e94                __exidx_end = .
                0x0000000008007e94                . = ALIGN (0x4)

.rel.dyn        0x0000000008007e94        0x0
 .rel.iplt      0x0000000008007e94        0x0 c:/st/stm32cubeide_1.9.0/stm32cubeide/plugins/com.st.stm32cube.ide.mcu.externaltools.gnu-tools-for-stm32.10.3-2021.10.win32_1.0.100.202210260954/tools/bin/../lib/gcc/arm-none-eabi/10.3.1/thumb/v7e-m+fp/hard/crtbegin.o

.preinit_array  0x0000000008007e94        0x0
                0x0000000008007e94                . = ALIGN (0x4)
                0x0000000008007e94                PROVIDE (__preinit_array_start = .)
 *(.preinit_array*)
                0x0000000008007e94                PROVIDE (__preinit_array_end = .)
                0x0000000008007e94                . = ALIGN (0x4)

.init_array     0x0000000008007e94        0x4
                0x0000000008007e94                . = ALIGN (0x4)
                0x0000000008007e94                PROVIDE (__init_array_start = .)
 *(SORT_BY_NAME(.init_array.*))
 *(.init_array*)
 .init_array    0x0000000008007e94        0x4 c:/st/stm32cubeide_1.9.0/stm32cubeide/plugins/com.st.stm32cube.ide.mcu.externaltools.gnu-tools-for-stm32.10.3-2021.10.win32_1.0.100.202210260954/tools/bin/../lib/gcc/arm-none-eabi/10.3.1/thumb/v7e-m+fp/hard/crtbegin.o
                0x0000000008007e98                PROVIDE (__init_array_end = .)
                0x0000000008007e98                . = ALIGN (0x4)

.fini_array     0x0000000008007e98        0x4
                0x0000000008007e98                . = ALIGN (0x4)
                [!provide]                        PROVIDE (__fini_array_start = .)
 *(SORT_BY_NAME(.fini_array.*))
 *(.fini_array*)
 .fini_array    0x0000000008007e98        0x4 c:/st/stm32cubeide_1.9.0/stm32cubeide/plugins/com.st.stm32cube.ide.mcu.externaltools.gnu-tools-for-stm32.10.3-2021.10.win32_1.0.100.202210260954/tools/bin/../lib/gcc/arm-none-eabi/10.3.1/thumb/v7e-m+fp/hard/crtbegin.o
                [!provide]                        PROVIDE (__fini_array_end = .)
                0x0000000008007e9c                . = ALIGN (0x4)
                0x0000000008007e9c                _sidata = LOADADDR (.data)

.data           0x0000000020000000       0x70 load address 0x0000000008007e9c
                0x0000000020000000                . = ALIGN (0x4)
                0x0000000020000000                _sdata = .
 *(.data)
 *(.data*)
 .data.SystemCoreClock
                0x0000000020000000        0x4 ./Core/Src/system_stm32f4xx.o
                0x0000000020000000                SystemCoreClock
 .data.uwTickPrio
                0x0000000020000004        0x4 ./Drivers/STM32F4xx_HAL_Driver/Src/stm32f4xx_hal.o
                0x0000000020000004                uwTickPrio
 .data.uwTickFreq
                0x0000000020000008        0x1 ./Drivers/STM32F4xx_HAL_Driver/Src/stm32f4xx_hal.o
                0x0000000020000008                uwTickFreq
 .data.Stat     0x0000000020000009        0x1 ./FATFS/Target/sd_diskio.o
 *fill*         0x000000002000000a        0x2 
 .data._impure_ptr
                0x000000002000000c        0x4 c:/st/stm32cubeide_1.9.0/stm32cubeide/plugins/com.st.stm32cube.ide.mcu.externaltools.gnu-tools-for-stm32.10.3-2021.10.win32_1.0.100.202210260954/tools/bin/../lib/gcc/arm-none-eabi/10.3.1/../../../../arm-none-eabi/lib/thumb/v7e-m+fp/hard\libc_nano.a(lib_a-impure.o)
                0x000000002000000c                _impure_ptr
 .data.impure_data
                0x0000000020000010       0x60 c:/st/stm32cubeide_1.9.0/stm32cubeide/plugins/com.st.stm32cube.ide.mcu.externaltools.gnu-tools-for-stm32.10.3-2021.10.win32_1.0.100.202210260954/tools/bin/../lib/gcc/arm-none-eabi/10.3.1/../../../../arm-none-eabi/lib/thumb/v7e-m+fp/hard\libc_nano.a(lib_a-impure.o)
 *(.RamFunc)
 *(.RamFunc*)
                0x0000000020000070                . = ALIGN (0x4)
                0x0000000020000070                _edata = .
                0x0000000008007f0c                _siccmram = LOADADDR (.ccmram)

.igot.plt       0x0000000020000070        0x0 load address 0x0000000008007f0c
 .igot.plt      0x0000000020000070        0x0 c:/st/stm32cubeide_1.9.0/stm32cubeide/plugins/com.st.stm32cube.ide.mcu.externaltools.gnu-tools-for-stm32.10.3-2021.10.win32_1.0.100.202210260954/tools/bin/../lib/gcc/arm-none-eabi/10.3.1/thumb/v7e-m+fp/hard/crtbegin.o

.ccmram         0x0000000010000000        0x0 load address 0x0000000008007f0c
                0x0000000010000000                . = ALIGN (0x4)
                0x0000000010000000                _sccmram = .
 *(.ccmram)
 *(.ccmram*)
                0x0000000010000000                . = ALIGN (0x4)
                0x0000000010000000                _eccmram = .
                0x0000000010000000                . = ALIGN (0x4)

.bss            0x0000000020000070      0x63c
                0x0000000020000070                _sbss = .
                0x0000000020000070                __bss_start__ = _sbss
 *(.bss)
 .bss           0x0000000020000070       0x1c c:/st/stm32cubeide_1.9.0/stm32cubeide/plugins/com.st.stm32cube.ide.mcu.externaltools.gnu-tools-for-stm32.10.3-2021.10.win32_1.0.100.202210260954/tools/bin/../lib/gcc/arm-none-eabi/10.3.1/thumb/v7e-m+fp/hard/crtbegin.o
 *(.bss*)
 .bss.fs        0x000000002000008c      0x230 ./Core/Src/File_Handling.o
                0x000000002000008c                fs
 .bss.fil       0x00000000200002bc      0x230 ./Core/Src/File_Handling.o
                0x00000000200002bc                fil
 .bss.fno       0x00000000200004ec       0x18 ./Core/Src/File_Handling.o
                0x00000000200004ec                fno
 .bss.fresult   0x0000000020000504        0x1 ./Core/Src/File_Handling.o
                0x0000000020000504                fresult
 *fill*         0x0000000020000505        0x3 
 .bss.bw        0x0000000020000508        0x4 ./Core/Src/File_Handling.o
                0x0000000020000508                bw
 .bss.hsd       0x000000002000050c       0x84 ./Core/Src/main.o
                0x000000002000050c                hsd
 .bss.hdma_sdio_rx
                0x0000000020000590       0x60 ./Core/Src/main.o
                0x0000000020000590                hdma_sdio_rx
 .bss.hdma_sdio_tx
                0x00000000200005f0       0x60 ./Core/Src/main.o
                0x00000000200005f0                hdma_sdio_tx
 .bss.__sbrk_heap_end
                0x0000000020000650        0x4 ./Core/Src/sysmem.o
 .bss.uwTick    0x0000000020000654        0x4 ./Drivers/STM32F4xx_HAL_Driver/Src/stm32f4xx_hal.o
                0x0000000020000654                uwTick
 .bss.retSD     0x0000000020000658        0x1 ./FATFS/App/fatfs.o
                0x0000000020000658                retSD
 *fill*         0x0000000020000659        0x3 
 .bss.SDPath    0x000000002000065c        0x4 ./FATFS/App/fatfs.o
                0x000000002000065c                SDPath
 .bss.WriteStatus
                0x0000000020000660        0x4 ./FATFS/Target/sd_diskio.o
 .bss.ReadStatus
                0x0000000020000664        0x4 ./FATFS/Target/sd_diskio.o
 .bss.FatFs     0x0000000020000668        0x4 ./Middlewares/Third_Party/FatFs/src/ff.o
 .bss.Fsid      0x000000002000066c        0x2 ./Middlewares/Third_Party/FatFs/src/ff.o
 *fill*         0x000000002000066e        0x2 
 .bss.Files     0x0000000020000670       0x20 ./Middlewares/Third_Party/FatFs/src/ff.o
 .bss.disk      0x0000000020000690        0xc ./Middlewares/Third_Party/FatFs/src/ff_gen_drv.o
                0x0000000020000690                disk
 .bss.__malloc_free_list
                0x000000002000069c        0x4 c:/st/stm32cubeide_1.9.0/stm32cubeide/plugins/com.st.stm32cube.ide.mcu.externaltools.gnu-tools-for-stm32.10.3-2021.10.win32_1.0.100.202210260954/tools/bin/../lib/gcc/arm-none-eabi/10.3.1/../../../../arm-none-eabi/lib/thumb/v7e-m+fp/hard\libc_nano.a(lib_a-nano-mallocr.o)
                0x000000002000069c                __malloc_free_list
 .bss.__malloc_sbrk_start
                0x00000000200006a0        0x4 c:/st/stm32cubeide_1.9.0/stm32cubeide/plugins/com.st.stm32cube.ide.mcu.externaltools.gnu-tools-for-stm32.10.3-2021.10.win32_1.0.100.202210260954/tools/bin/../lib/gcc/arm-none-eabi/10.3.1/../../../../arm-none-eabi/lib/thumb/v7e-m+fp/hard\libc_nano.a(lib_a-nano-mallocr.o)
                0x00000000200006a0                __malloc_sbrk_start
 .bss.errno     0x00000000200006a4        0x4 c:/st/stm32cubeide_1.9.0/stm32cubeide/plugins/com.st.stm32cube.ide.mcu.externaltools.gnu-tools-for-stm32.10.3-2021.10.win32_1.0.100.202210260954/tools/bin/../lib/gcc/arm-none-eabi/10.3.1/../../../../arm-none-eabi/lib/thumb/v7e-m+fp/hard\libc_nano.a(lib_a-reent.o)
                0x00000000200006a4                errno
 .bss.__lock___malloc_recursive_mutex
                0x00000000200006a8        0x1 c:/st/stm32cubeide_1.9.0/stm32cubeide/plugins/com.st.stm32cube.ide.mcu.externaltools.gnu-tools-for-stm32.10.3-2021.10.win32_1.0.100.202210260954/tools/bin/../lib/gcc/arm-none-eabi/10.3.1/../../../../arm-none-eabi/lib/thumb/v7e-m+fp/hard\libc_nano.a(lib_a-lock.o)
                0x00000000200006a8                __lock___malloc_recursive_mutex
 *(COMMON)
                0x00000000200006ac                . = ALIGN (0x4)
 *fill*         0x00000000200006a9        0x3 
                0x00000000200006ac                _ebss = .
                0x00000000200006ac                __bss_end__ = _ebss

._user_heap_stack
                0x00000000200006ac      0x604
                0x00000000200006b0                . = ALIGN (0x8)
 *fill*         0x00000000200006ac        0x4 
                [!provide]                        PROVIDE (end = .)
                0x00000000200006b0                PROVIDE (_end = .)
                0x00000000200008b0                . = (. + _Min_Heap_Size)
 *fill*         0x00000000200006b0      0x200 
                0x0000000020000cb0                . = (. + _Min_Stack_Size)
 *fill*         0x00000000200008b0      0x400 
                0x0000000020000cb0                . = ALIGN (0x8)

/DISCARD/
 libc.a(*)
 libm.a(*)
 libgcc.a(*)

.ARM.attributes
                0x0000000000000000       0x30
 *(.ARM.attributes)
 .ARM.attributes
                0x0000000000000000       0x1e c:/st/stm32cubeide_1.9.0/stm32cubeide/plugins/com.st.stm32cube.ide.mcu.externaltools.gnu-tools-for-stm32.10.3-2021.10.win32_1.0.100.202210260954/tools/bin/../lib/gcc/arm-none-eabi/10.3.1/thumb/v7e-m+fp/hard/crti.o
 .ARM.attributes
                0x000000000000001e       0x34 c:/st/stm32cubeide_1.9.0/stm32cubeide/plugins/com.st.stm32cube.ide.mcu.externaltools.gnu-tools-for-stm32.10.3-2021.10.win32_1.0.100.202210260954/tools/bin/../lib/gcc/arm-none-eabi/10.3.1/thumb/v7e-m+fp/hard/crtbegin.o
 .ARM.attributes
                0x0000000000000052       0x34 ./Core/Src/File_Handling.o
 .ARM.attributes
                0x0000000000000086       0x34 ./Core/Src/main.o
 .ARM.attributes
                0x00000000000000ba       0x34 ./Core/Src/stm32f4xx_hal_msp.o
 .ARM.attributes
                0x00000000000000ee       0x34 ./Core/Src/stm32f4xx_it.o
 .ARM.attributes
                0x0000000000000122       0x34 ./Core/Src/sysmem.o
 .ARM.attributes
                0x0000000000000156       0x34 ./Core/Src/system_stm32f4xx.o
 .ARM.attributes
                0x000000000000018a       0x21 ./Core/Startup/startup_stm32f407vgtx.o
 .ARM.attributes
                0x00000000000001ab       0x34 ./Drivers/STM32F4xx_HAL_Driver/Src/stm32f4xx_hal.o
 .ARM.attributes
                0x00000000000001df       0x34 ./Drivers/STM32F4xx_HAL_Driver/Src/stm32f4xx_hal_cortex.o
 .ARM.attributes
                0x0000000000000213       0x34 ./Drivers/STM32F4xx_HAL_Driver/Src/stm32f4xx_hal_dma.o
 .ARM.attributes
                0x0000000000000247       0x34 ./Drivers/STM32F4xx_HAL_Driver/Src/stm32f4xx_hal_gpio.o
 .ARM.attributes
                0x000000000000027b       0x34 ./Drivers/STM32F4xx_HAL_Driver/Src/stm32f4xx_hal_rcc.o
 .ARM.attributes
                0x00000000000002af       0x34 ./Drivers/STM32F4xx_HAL_Driver/Src/stm32f4xx_hal_sd.o
 .ARM.attributes
                0x00000000000002e3       0x34 ./Drivers/STM32F4xx_HAL_Driver/Src/stm32f4xx_ll_sdmmc.o
 .ARM.attributes
                0x0000000000000317       0x34 ./FATFS/App/fatfs.o
 .ARM.attributes
                0x000000000000034b       0x34 ./FATFS/Target/bsp_driver_sd.o
 .ARM.attributes
                0x000000000000037f       0x34 ./FATFS/Target/sd_diskio.o
 .ARM.attributes
                0x00000000000003b3       0x34 ./Middlewares/Third_Party/FatFs/src/diskio.o
 .ARM.attributes
                0x00000000000003e7       0x34 ./Middlewares/Third_Party/FatFs/src/ff.o
 .ARM.attributes
                0x000000000000041b       0x34 ./Middlewares/Third_Party/FatFs/src/ff_gen_drv.o
 .ARM.attributes
                0x000000000000044f       0x34 c:/st/stm32cubeide_1.9.0/stm32cubeide/plugins/com.st.stm32cube.ide.mcu.externaltools.gnu-tools-for-stm32.10.3-2021.10.win32_1.0.100.202210260954/tools/bin/../lib/gcc/arm-none-eabi/10.3.1/../../../../arm-none-eabi/lib/thumb/v7e-m+fp/hard\libc_nano.a(lib_a-errno.o)
 .ARM.attributes
                0x0000000000000483       0x34 c:/st/stm32cubeide_1.9.0/stm32cubeide/plugins/com.st.stm32cube.ide.mcu.externaltools.gnu-tools-for-stm32.10.3-2021.10.win32_1.0.100.202210260954/tools/bin/../lib/gcc/arm-none-eabi/10.3.1/../../../../arm-none-eabi/lib/thumb/v7e-m+fp/hard\libc_nano.a(lib_a-impure.o)
 .ARM.attributes
                0x00000000000004b7       0x34 c:/st/stm32cubeide_1.9.0/stm32cubeide/plugins/com.st.stm32cube.ide.mcu.externaltools.gnu-tools-for-stm32.10.3-2021.10.win32_1.0.100.202210260954/tools/bin/../lib/gcc/arm-none-eabi/10.3.1/../../../../arm-none-eabi/lib/thumb/v7e-m+fp/hard\libc_nano.a(lib_a-init.o)
 .ARM.attributes
                0x00000000000004eb       0x34 c:/st/stm32cubeide_1.9.0/stm32cubeide/plugins/com.st.stm32cube.ide.mcu.externaltools.gnu-tools-for-stm32.10.3-2021.10.win32_1.0.100.202210260954/tools/bin/../lib/gcc/arm-none-eabi/10.3.1/../../../../arm-none-eabi/lib/thumb/v7e-m+fp/hard\libc_nano.a(lib_a-malloc.o)
 .ARM.attributes
                0x000000000000051f       0x34 c:/st/stm32cubeide_1.9.0/stm32cubeide/plugins/com.st.stm32cube.ide.mcu.externaltools.gnu-tools-for-stm32.10.3-2021.10.win32_1.0.100.202210260954/tools/bin/../lib/gcc/arm-none-eabi/10.3.1/../../../../arm-none-eabi/lib/thumb/v7e-m+fp/hard\libc_nano.a(lib_a-memset.o)
 .ARM.attributes
                0x0000000000000553       0x34 c:/st/stm32cubeide_1.9.0/stm32cubeide/plugins/com.st.stm32cube.ide.mcu.externaltools.gnu-tools-for-stm32.10.3-2021.10.win32_1.0.100.202210260954/tools/bin/../lib/gcc/arm-none-eabi/10.3.1/../../../../arm-none-eabi/lib/thumb/v7e-m+fp/hard\libc_nano.a(lib_a-nano-freer.o)
 .ARM.attributes
                0x0000000000000587       0x34 c:/st/stm32cubeide_1.9.0/stm32cubeide/plugins/com.st.stm32cube.ide.mcu.externaltools.gnu-tools-for-stm32.10.3-2021.10.win32_1.0.100.202210260954/tools/bin/../lib/gcc/arm-none-eabi/10.3.1/../../../../arm-none-eabi/lib/thumb/v7e-m+fp/hard\libc_nano.a(lib_a-nano-mallocr.o)
 .ARM.attributes
                0x00000000000005bb       0x34 c:/st/stm32cubeide_1.9.0/stm32cubeide/plugins/com.st.stm32cube.ide.mcu.externaltools.gnu-tools-for-stm32.10.3-2021.10.win32_1.0.100.202210260954/tools/bin/../lib/gcc/arm-none-eabi/10.3.1/../../../../arm-none-eabi/lib/thumb/v7e-m+fp/hard\libc_nano.a(lib_a-sbrkr.o)
 .ARM.attributes
                0x00000000000005ef       0x34 c:/st/stm32cubeide_1.9.0/stm32cubeide/plugins/com.st.stm32cube.ide.mcu.externaltools.gnu-tools-for-stm32.10.3-2021.10.win32_1.0.100.202210260954/tools/bin/../lib/gcc/arm-none-eabi/10.3.1/../../../../arm-none-eabi/lib/thumb/v7e-m+fp/hard\libc_nano.a(lib_a-sprintf.o)
 .ARM.attributes
                0x0000000000000623       0x1c c:/st/stm32cubeide_1.9.0/stm32cubeide/plugins/com.st.stm32cube.ide.mcu.externaltools.gnu-tools-for-stm32.10.3-2021.10.win32_1.0.100.202210260954/tools/bin/../lib/gcc/arm-none-eabi/10.3.1/../../../../arm-none-eabi/lib/thumb/v7e-m+fp/hard\libc_nano.a(lib_a-strcmp.o)
 .ARM.attributes
                0x000000000000063f       0x17 c:/st/stm32cubeide_1.9.0/stm32cubeide/plugins/com.st.stm32cube.ide.mcu.externaltools.gnu-tools-for-stm32.10.3-2021.10.win32_1.0.100.202210260954/tools/bin/../lib/gcc/arm-none-eabi/10.3.1/../../../../arm-none-eabi/lib/thumb/v7e-m+fp/hard\libc_nano.a(lib_a-strlen.o)
 .ARM.attributes
                0x0000000000000656       0x34 c:/st/stm32cubeide_1.9.0/stm32cubeide/plugins/com.st.stm32cube.ide.mcu.externaltools.gnu-tools-for-stm32.10.3-2021.10.win32_1.0.100.202210260954/tools/bin/../lib/gcc/arm-none-eabi/10.3.1/../../../../arm-none-eabi/lib/thumb/v7e-m+fp/hard\libc_nano.a(lib_a-mlock.o)
 .ARM.attributes
                0x000000000000068a       0x34 c:/st/stm32cubeide_1.9.0/stm32cubeide/plugins/com.st.stm32cube.ide.mcu.externaltools.gnu-tools-for-stm32.10.3-2021.10.win32_1.0.100.202210260954/tools/bin/../lib/gcc/arm-none-eabi/10.3.1/../../../../arm-none-eabi/lib/thumb/v7e-m+fp/hard\libc_nano.a(lib_a-nano-svfprintf.o)
 .ARM.attributes
                0x00000000000006be       0x34 c:/st/stm32cubeide_1.9.0/stm32cubeide/plugins/com.st.stm32cube.ide.mcu.externaltools.gnu-tools-for-stm32.10.3-2021.10.win32_1.0.100.202210260954/tools/bin/../lib/gcc/arm-none-eabi/10.3.1/../../../../arm-none-eabi/lib/thumb/v7e-m+fp/hard\libc_nano.a(lib_a-nano-vfprintf_i.o)
 .ARM.attributes
                0x00000000000006f2       0x34 c:/st/stm32cubeide_1.9.0/stm32cubeide/plugins/com.st.stm32cube.ide.mcu.externaltools.gnu-tools-for-stm32.10.3-2021.10.win32_1.0.100.202210260954/tools/bin/../lib/gcc/arm-none-eabi/10.3.1/../../../../arm-none-eabi/lib/thumb/v7e-m+fp/hard\libc_nano.a(lib_a-reent.o)
 .ARM.attributes
                0x0000000000000726       0x34 c:/st/stm32cubeide_1.9.0/stm32cubeide/plugins/com.st.stm32cube.ide.mcu.externaltools.gnu-tools-for-stm32.10.3-2021.10.win32_1.0.100.202210260954/tools/bin/../lib/gcc/arm-none-eabi/10.3.1/../../../../arm-none-eabi/lib/thumb/v7e-m+fp/hard\libc_nano.a(lib_a-lock.o)
 .ARM.attributes
                0x000000000000075a       0x1c c:/st/stm32cubeide_1.9.0/stm32cubeide/plugins/com.st.stm32cube.ide.mcu.externaltools.gnu-tools-for-stm32.10.3-2021.10.win32_1.0.100.202210260954/tools/bin/../lib/gcc/arm-none-eabi/10.3.1/../../../../arm-none-eabi/lib/thumb/v7e-m+fp/hard\libc_nano.a(lib_a-memchr.o)
 .ARM.attributes
                0x0000000000000776       0x34 c:/st/stm32cubeide_1.9.0/stm32cubeide/plugins/com.st.stm32cube.ide.mcu.externaltools.gnu-tools-for-stm32.10.3-2021.10.win32_1.0.100.202210260954/tools/bin/../lib/gcc/arm-none-eabi/10.3.1/../../../../arm-none-eabi/lib/thumb/v7e-m+fp/hard\libc_nano.a(lib_a-memcpy-stub.o)
 .ARM.attributes
                0x00000000000007aa       0x34 c:/st/stm32cubeide_1.9.0/stm32cubeide/plugins/com.st.stm32cube.ide.mcu.externaltools.gnu-tools-for-stm32.10.3-2021.10.win32_1.0.100.202210260954/tools/bin/../lib/gcc/arm-none-eabi/10.3.1/../../../../arm-none-eabi/lib/thumb/v7e-m+fp/hard\libc_nano.a(lib_a-memmove.o)
 .ARM.attributes
                0x00000000000007de       0x34 c:/st/stm32cubeide_1.9.0/stm32cubeide/plugins/com.st.stm32cube.ide.mcu.externaltools.gnu-tools-for-stm32.10.3-2021.10.win32_1.0.100.202210260954/tools/bin/../lib/gcc/arm-none-eabi/10.3.1/../../../../arm-none-eabi/lib/thumb/v7e-m+fp/hard\libc_nano.a(lib_a-nano-reallocr.o)
 .ARM.attributes
                0x0000000000000812       0x34 c:/st/stm32cubeide_1.9.0/stm32cubeide/plugins/com.st.stm32cube.ide.mcu.externaltools.gnu-tools-for-stm32.10.3-2021.10.win32_1.0.100.202210260954/tools/bin/../lib/gcc/arm-none-eabi/10.3.1/../../../../arm-none-eabi/lib/thumb/v7e-m+fp/hard\libc_nano.a(lib_a-nano-msizer.o)
 .ARM.attributes
                0x0000000000000846       0x1e c:/st/stm32cubeide_1.9.0/stm32cubeide/plugins/com.st.stm32cube.ide.mcu.externaltools.gnu-tools-for-stm32.10.3-2021.10.win32_1.0.100.202210260954/tools/bin/../lib/gcc/arm-none-eabi/10.3.1/thumb/v7e-m+fp/hard\libgcc.a(_aeabi_uldivmod.o)
 .ARM.attributes
                0x0000000000000864       0x34 c:/st/stm32cubeide_1.9.0/stm32cubeide/plugins/com.st.stm32cube.ide.mcu.externaltools.gnu-tools-for-stm32.10.3-2021.10.win32_1.0.100.202210260954/tools/bin/../lib/gcc/arm-none-eabi/10.3.1/thumb/v7e-m+fp/hard\libgcc.a(_udivmoddi4.o)
 .ARM.attributes
                0x0000000000000898       0x1e c:/st/stm32cubeide_1.9.0/stm32cubeide/plugins/com.st.stm32cube.ide.mcu.externaltools.gnu-tools-for-stm32.10.3-2021.10.win32_1.0.100.202210260954/tools/bin/../lib/gcc/arm-none-eabi/10.3.1/thumb/v7e-m+fp/hard\libgcc.a(_dvmd_tls.o)
 .ARM.attributes
                0x00000000000008b6       0x1e c:/st/stm32cubeide_1.9.0/stm32cubeide/plugins/com.st.stm32cube.ide.mcu.externaltools.gnu-tools-for-stm32.10.3-2021.10.win32_1.0.100.202210260954/tools/bin/../lib/gcc/arm-none-eabi/10.3.1/thumb/v7e-m+fp/hard/crtn.o
OUTPUT(SDIO_read_write.elf elf32-littlearm)
LOAD linker stubs
LOAD c:/st/stm32cubeide_1.9.0/stm32cubeide/plugins/com.st.stm32cube.ide.mcu.externaltools.gnu-tools-for-stm32.10.3-2021.10.win32_1.0.100.202210260954/tools/bin/../lib/gcc/arm-none-eabi/10.3.1/../../../../arm-none-eabi/lib/thumb/v7e-m+fp/hard\libc.a
LOAD c:/st/stm32cubeide_1.9.0/stm32cubeide/plugins/com.st.stm32cube.ide.mcu.externaltools.gnu-tools-for-stm32.10.3-2021.10.win32_1.0.100.202210260954/tools/bin/../lib/gcc/arm-none-eabi/10.3.1/../../../../arm-none-eabi/lib/thumb/v7e-m+fp/hard\libm.a
LOAD c:/st/stm32cubeide_1.9.0/stm32cubeide/plugins/com.st.stm32cube.ide.mcu.externaltools.gnu-tools-for-stm32.10.3-2021.10.win32_1.0.100.202210260954/tools/bin/../lib/gcc/arm-none-eabi/10.3.1/thumb/v7e-m+fp/hard\libgcc.a

.debug_info     0x0000000000000000     0xda97
 .debug_info    0x0000000000000000      0xcbd ./Core/Src/File_Handling.o
 .debug_info    0x0000000000000cbd      0xf5b ./Core/Src/main.o
 .debug_info    0x0000000000001c18      0xda6 ./Core/Src/stm32f4xx_hal_msp.o
 .debug_info    0x00000000000029be      0x7d5 ./Core/Src/stm32f4xx_it.o
 .debug_info    0x0000000000003193      0x171 ./Core/Src/sysmem.o
 .debug_info    0x0000000000003304      0x523 ./Core/Src/system_stm32f4xx.o
 .debug_info    0x0000000000003827       0x22 ./Core/Startup/startup_stm32f407vgtx.o
 .debug_info    0x0000000000003849      0x97c ./Drivers/STM32F4xx_HAL_Driver/Src/stm32f4xx_hal.o
 .debug_info    0x00000000000041c5      0xe1b ./Drivers/STM32F4xx_HAL_Driver/Src/stm32f4xx_hal_cortex.o
 .debug_info    0x0000000000004fe0      0x94f ./Drivers/STM32F4xx_HAL_Driver/Src/stm32f4xx_hal_dma.o
 .debug_info    0x000000000000592f      0x76a ./Drivers/STM32F4xx_HAL_Driver/Src/stm32f4xx_hal_gpio.o
 .debug_info    0x0000000000006099      0x966 ./Drivers/STM32F4xx_HAL_Driver/Src/stm32f4xx_hal_rcc.o
 .debug_info    0x00000000000069ff     0x1d34 ./Drivers/STM32F4xx_HAL_Driver/Src/stm32f4xx_hal_sd.o
 .debug_info    0x0000000000008733     0x11dd ./Drivers/STM32F4xx_HAL_Driver/Src/stm32f4xx_ll_sdmmc.o
 .debug_info    0x0000000000009910      0x4fa ./FATFS/App/fatfs.o
 .debug_info    0x0000000000009e0a      0xb37 ./FATFS/Target/bsp_driver_sd.o
 .debug_info    0x000000000000a941      0x59e ./FATFS/Target/sd_diskio.o
 .debug_info    0x000000000000aedf      0x412 ./Middlewares/Third_Party/FatFs/src/diskio.o
 .debug_info    0x000000000000b2f1     0x23fd ./Middlewares/Third_Party/FatFs/src/ff.o
 .debug_info    0x000000000000d6ee      0x3a9 ./Middlewares/Third_Party/FatFs/src/ff_gen_drv.o

.debug_abbrev   0x0000000000000000     0x2625
 .debug_abbrev  0x0000000000000000      0x264 ./Core/Src/File_Handling.o
 .debug_abbrev  0x0000000000000264      0x2b2 ./Core/Src/main.o
 .debug_abbrev  0x0000000000000516      0x1f6 ./Core/Src/stm32f4xx_hal_msp.o
 .debug_abbrev  0x000000000000070c      0x19c ./Core/Src/stm32f4xx_it.o
 .debug_abbrev  0x00000000000008a8       0xbb ./Core/Src/sysmem.o
 .debug_abbrev  0x0000000000000963      0x116 ./Core/Src/system_stm32f4xx.o
 .debug_abbrev  0x0000000000000a79       0x12 ./Core/Startup/startup_stm32f407vgtx.o
 .debug_abbrev  0x0000000000000a8b      0x20d ./Drivers/STM32F4xx_HAL_Driver/Src/stm32f4xx_hal.o
 .debug_abbrev  0x0000000000000c98      0x316 ./Drivers/STM32F4xx_HAL_Driver/Src/stm32f4xx_hal_cortex.o
 .debug_abbrev  0x0000000000000fae      0x25b ./Drivers/STM32F4xx_HAL_Driver/Src/stm32f4xx_hal_dma.o
 .debug_abbrev  0x0000000000001209      0x1c4 ./Drivers/STM32F4xx_HAL_Driver/Src/stm32f4xx_hal_gpio.o
 .debug_abbrev  0x00000000000013cd      0x2aa ./Drivers/STM32F4xx_HAL_Driver/Src/stm32f4xx_hal_rcc.o
 .debug_abbrev  0x0000000000001677      0x288 ./Drivers/STM32F4xx_HAL_Driver/Src/stm32f4xx_hal_sd.o
 .debug_abbrev  0x00000000000018ff      0x1ce ./Drivers/STM32F4xx_HAL_Driver/Src/stm32f4xx_ll_sdmmc.o
 .debug_abbrev  0x0000000000001acd      0x15a ./FATFS/App/fatfs.o
 .debug_abbrev  0x0000000000001c27      0x268 ./FATFS/Target/bsp_driver_sd.o
 .debug_abbrev  0x0000000000001e8f      0x21f ./FATFS/Target/sd_diskio.o
 .debug_abbrev  0x00000000000020ae      0x178 ./Middlewares/Third_Party/FatFs/src/diskio.o
 .debug_abbrev  0x0000000000002226      0x269 ./Middlewares/Third_Party/FatFs/src/ff.o
 .debug_abbrev  0x000000000000248f      0x196 ./Middlewares/Third_Party/FatFs/src/ff_gen_drv.o

.debug_aranges  0x0000000000000000      0xbf8
 .debug_aranges
                0x0000000000000000       0x78 ./Core/Src/File_Handling.o
 .debug_aranges
                0x0000000000000078       0x48 ./Core/Src/main.o
 .debug_aranges
                0x00000000000000c0       0x30 ./Core/Src/stm32f4xx_hal_msp.o
 .debug_aranges
                0x00000000000000f0       0x78 ./Core/Src/stm32f4xx_it.o
 .debug_aranges
                0x0000000000000168       0x20 ./Core/Src/sysmem.o
 .debug_aranges
                0x0000000000000188       0x28 ./Core/Src/system_stm32f4xx.o
 .debug_aranges
                0x00000000000001b0       0x28 ./Core/Startup/startup_stm32f407vgtx.o
 .debug_aranges
                0x00000000000001d8       0xf0 ./Drivers/STM32F4xx_HAL_Driver/Src/stm32f4xx_hal.o
 .debug_aranges
                0x00000000000002c8      0x118 ./Drivers/STM32F4xx_HAL_Driver/Src/stm32f4xx_hal_cortex.o
 .debug_aranges
                0x00000000000003e0       0x90 ./Drivers/STM32F4xx_HAL_Driver/Src/stm32f4xx_hal_dma.o
 .debug_aranges
                0x0000000000000470       0x58 ./Drivers/STM32F4xx_HAL_Driver/Src/stm32f4xx_hal_gpio.o
 .debug_aranges
                0x00000000000004c8       0x88 ./Drivers/STM32F4xx_HAL_Driver/Src/stm32f4xx_hal_rcc.o
 .debug_aranges
                0x0000000000000550      0x168 ./Drivers/STM32F4xx_HAL_Driver/Src/stm32f4xx_hal_sd.o
 .debug_aranges
                0x00000000000006b8      0x188 ./Drivers/STM32F4xx_HAL_Driver/Src/stm32f4xx_ll_sdmmc.o
 .debug_aranges
                0x0000000000000840       0x28 ./FATFS/App/fatfs.o
 .debug_aranges
                0x0000000000000868       0xa0 ./FATFS/Target/bsp_driver_sd.o
 .debug_aranges
                0x0000000000000908       0x60 ./FATFS/Target/sd_diskio.o
 .debug_aranges
                0x0000000000000968       0x48 ./Middlewares/Third_Party/FatFs/src/diskio.o
 .debug_aranges
                0x00000000000009b0      0x208 ./Middlewares/Third_Party/FatFs/src/ff.o
 .debug_aranges
                0x0000000000000bb8       0x40 ./Middlewares/Third_Party/FatFs/src/ff_gen_drv.o

.debug_ranges   0x0000000000000000      0xae0
 .debug_ranges  0x0000000000000000       0x88 ./Core/Src/File_Handling.o
 .debug_ranges  0x0000000000000088       0x38 ./Core/Src/main.o
 .debug_ranges  0x00000000000000c0       0x20 ./Core/Src/stm32f4xx_hal_msp.o
 .debug_ranges  0x00000000000000e0       0x68 ./Core/Src/stm32f4xx_it.o
 .debug_ranges  0x0000000000000148       0x10 ./Core/Src/sysmem.o
 .debug_ranges  0x0000000000000158       0x18 ./Core/Src/system_stm32f4xx.o
 .debug_ranges  0x0000000000000170       0x20 ./Core/Startup/startup_stm32f407vgtx.o
 .debug_ranges  0x0000000000000190       0xe0 ./Drivers/STM32F4xx_HAL_Driver/Src/stm32f4xx_hal.o
 .debug_ranges  0x0000000000000270      0x108 ./Drivers/STM32F4xx_HAL_Driver/Src/stm32f4xx_hal_cortex.o
 .debug_ranges  0x0000000000000378       0x80 ./Drivers/STM32F4xx_HAL_Driver/Src/stm32f4xx_hal_dma.o
 .debug_ranges  0x00000000000003f8       0x48 ./Drivers/STM32F4xx_HAL_Driver/Src/stm32f4xx_hal_gpio.o
 .debug_ranges  0x0000000000000440       0x78 ./Drivers/STM32F4xx_HAL_Driver/Src/stm32f4xx_hal_rcc.o
 .debug_ranges  0x00000000000004b8      0x158 ./Drivers/STM32F4xx_HAL_Driver/Src/stm32f4xx_hal_sd.o
 .debug_ranges  0x0000000000000610      0x178 ./Drivers/STM32F4xx_HAL_Driver/Src/stm32f4xx_ll_sdmmc.o
 .debug_ranges  0x0000000000000788       0x18 ./FATFS/App/fatfs.o
 .debug_ranges  0x00000000000007a0       0x90 ./FATFS/Target/bsp_driver_sd.o
 .debug_ranges  0x0000000000000830       0x50 ./FATFS/Target/sd_diskio.o
 .debug_ranges  0x0000000000000880       0x38 ./Middlewares/Third_Party/FatFs/src/diskio.o
 .debug_ranges  0x00000000000008b8      0x1f8 ./Middlewares/Third_Party/FatFs/src/ff.o
 .debug_ranges  0x0000000000000ab0       0x30 ./Middlewares/Third_Party/FatFs/src/ff_gen_drv.o

.debug_macro    0x0000000000000000    0x22ae7
 .debug_macro   0x0000000000000000      0x402 ./Core/Src/File_Handling.o
 .debug_macro   0x0000000000000402      0xa78 ./Core/Src/File_Handling.o
 .debug_macro   0x0000000000000e7a      0x295 ./Core/Src/File_Handling.o
 .debug_macro   0x000000000000110f       0x2e ./Core/Src/File_Handling.o
 .debug_macro   0x000000000000113d       0x2f ./Core/Src/File_Handling.o
 .debug_macro   0x000000000000116c       0x22 ./Core/Src/File_Handling.o
 .debug_macro   0x000000000000118e       0x8e ./Core/Src/File_Handling.o
 .debug_macro   0x000000000000121c       0x51 ./Core/Src/File_Handling.o
 .debug_macro   0x000000000000126d      0x103 ./Core/Src/File_Handling.o
 .debug_macro   0x0000000000001370       0x6a ./Core/Src/File_Handling.o
 .debug_macro   0x00000000000013da      0x1df ./Core/Src/File_Handling.o
 .debug_macro   0x00000000000015b9       0x1c ./Core/Src/File_Handling.o
 .debug_macro   0x00000000000015d5       0x22 ./Core/Src/File_Handling.o
 .debug_macro   0x00000000000015f7       0xd9 ./Core/Src/File_Handling.o
 .debug_macro   0x00000000000016d0     0x102d ./Core/Src/File_Handling.o
 .debug_macro   0x00000000000026fd      0x11f ./Core/Src/File_Handling.o
 .debug_macro   0x000000000000281c    0x15e82 ./Core/Src/File_Handling.o
 .debug_macro   0x000000000001869e       0x6d ./Core/Src/File_Handling.o
 .debug_macro   0x000000000001870b     0x367e ./Core/Src/File_Handling.o
 .debug_macro   0x000000000001bd89      0x174 ./Core/Src/File_Handling.o
 .debug_macro   0x000000000001befd       0x5c ./Core/Src/File_Handling.o
 .debug_macro   0x000000000001bf59      0x96b ./Core/Src/File_Handling.o
 .debug_macro   0x000000000001c8c4      0x9fe ./Core/Src/File_Handling.o
 .debug_macro   0x000000000001d2c2      0x115 ./Core/Src/File_Handling.o
 .debug_macro   0x000000000001d3d7      0x13e ./Core/Src/File_Handling.o
 .debug_macro   0x000000000001d515       0xa5 ./Core/Src/File_Handling.o
 .debug_macro   0x000000000001d5ba      0x174 ./Core/Src/File_Handling.o
 .debug_macro   0x000000000001d72e      0x287 ./Core/Src/File_Handling.o
 .debug_macro   0x000000000001d9b5       0x5f ./Core/Src/File_Handling.o
 .debug_macro   0x000000000001da14      0x236 ./Core/Src/File_Handling.o
 .debug_macro   0x000000000001dc4a      0x12c ./Core/Src/File_Handling.o
 .debug_macro   0x000000000001dd76      0x21e ./Core/Src/File_Handling.o
 .debug_macro   0x000000000001df94       0x2e ./Core/Src/File_Handling.o
 .debug_macro   0x000000000001dfc2      0x11a ./Core/Src/File_Handling.o
 .debug_macro   0x000000000001e0dc       0x7e ./Core/Src/File_Handling.o
 .debug_macro   0x000000000001e15a       0x89 ./Core/Src/File_Handling.o
 .debug_macro   0x000000000001e1e3      0x861 ./Core/Src/File_Handling.o
 .debug_macro   0x000000000001ea44      0x1d5 ./Core/Src/File_Handling.o
 .debug_macro   0x000000000001ec19      0x12d ./Core/Src/File_Handling.o
 .debug_macro   0x000000000001ed46       0x3a ./Core/Src/File_Handling.o
 .debug_macro   0x000000000001ed80       0xe5 ./Core/Src/File_Handling.o
 .debug_macro   0x000000000001ee65       0x1e ./Core/Src/File_Handling.o
 .debug_macro   0x000000000001ee83       0x52 ./Core/Src/File_Handling.o
 .debug_macro   0x000000000001eed5       0x3c ./Core/Src/File_Handling.o
 .debug_macro   0x000000000001ef11       0x34 ./Core/Src/File_Handling.o
 .debug_macro   0x000000000001ef45       0x16 ./Core/Src/File_Handling.o
 .debug_macro   0x000000000001ef5b       0x35 ./Core/Src/File_Handling.o
 .debug_macro   0x000000000001ef90       0x16 ./Core/Src/File_Handling.o
 .debug_macro   0x000000000001efa6       0x43 ./Core/Src/File_Handling.o
 .debug_macro   0x000000000001efe9       0x34 ./Core/Src/File_Handling.o
 .debug_macro   0x000000000001f01d       0x10 ./Core/Src/File_Handling.o
 .debug_macro   0x000000000001f02d       0x58 ./Core/Src/File_Handling.o
 .debug_macro   0x000000000001f085       0x71 ./Core/Src/File_Handling.o
 .debug_macro   0x000000000001f0f6       0x1c ./Core/Src/File_Handling.o
 .debug_macro   0x000000000001f112      0x12a ./Core/Src/File_Handling.o
 .debug_macro   0x000000000001f23c      0x341 ./Core/Src/File_Handling.o
 .debug_macro   0x000000000001f57d       0x16 ./Core/Src/File_Handling.o
 .debug_macro   0x000000000001f593       0x29 ./Core/Src/File_Handling.o
 .debug_macro   0x000000000001f5bc       0x12 ./Core/Src/File_Handling.o
 .debug_macro   0x000000000001f5ce       0xe2 ./Core/Src/File_Handling.o
 .debug_macro   0x000000000001f6b0       0x8e ./Core/Src/File_Handling.o
 .debug_macro   0x000000000001f73e       0x16 ./Core/Src/File_Handling.o
 .debug_macro   0x000000000001f754       0x20 ./Core/Src/File_Handling.o
 .debug_macro   0x000000000001f774       0x1c ./Core/Src/File_Handling.o
 .debug_macro   0x000000000001f790       0x10 ./Core/Src/File_Handling.o
 .debug_macro   0x000000000001f7a0       0x10 ./Core/Src/File_Handling.o
 .debug_macro   0x000000000001f7b0       0x1c ./Core/Src/File_Handling.o
 .debug_macro   0x000000000001f7cc       0x52 ./Core/Src/File_Handling.o
 .debug_macro   0x000000000001f81e       0x22 ./Core/Src/File_Handling.o
 .debug_macro   0x000000000001f840       0x10 ./Core/Src/File_Handling.o
 .debug_macro   0x000000000001f850       0x52 ./Core/Src/File_Handling.o
 .debug_macro   0x000000000001f8a2       0xd5 ./Core/Src/File_Handling.o
 .debug_macro   0x000000000001f977       0x1c ./Core/Src/File_Handling.o
 .debug_macro   0x000000000001f993       0x3d ./Core/Src/File_Handling.o
 .debug_macro   0x000000000001f9d0       0x16 ./Core/Src/File_Handling.o
 .debug_macro   0x000000000001f9e6      0x145 ./Core/Src/File_Handling.o
 .debug_macro   0x000000000001fb2b      0x3fc ./Core/Src/main.o
 .debug_macro   0x000000000001ff27      0x1d3 ./Core/Src/stm32f4xx_hal_msp.o
 .debug_macro   0x00000000000200fa      0x1dd ./Core/Src/stm32f4xx_it.o
 .debug_macro   0x00000000000202d7       0xff ./Core/Src/sysmem.o
 .debug_macro   0x00000000000203d6      0x23b ./Core/Src/sysmem.o
 .debug_macro   0x0000000000020611      0x1c9 ./Core/Src/system_stm32f4xx.o
 .debug_macro   0x00000000000207da      0x229 ./Drivers/STM32F4xx_HAL_Driver/Src/stm32f4xx_hal.o
 .debug_macro   0x0000000000020a03      0x1c9 ./Drivers/STM32F4xx_HAL_Driver/Src/stm32f4xx_hal_cortex.o
 .debug_macro   0x0000000000020bcc      0x1cf ./Drivers/STM32F4xx_HAL_Driver/Src/stm32f4xx_hal_dma.o
 .debug_macro   0x0000000000020d9b      0x1cf ./Drivers/STM32F4xx_HAL_Driver/Src/stm32f4xx_hal_gpio.o
 .debug_macro   0x0000000000020f6a      0x1ed ./Drivers/STM32F4xx_HAL_Driver/Src/stm32f4xx_hal_rcc.o
 .debug_macro   0x0000000000021157      0x1ca ./Drivers/STM32F4xx_HAL_Driver/Src/stm32f4xx_hal_sd.o
 .debug_macro   0x0000000000021321      0x1ca ./Drivers/STM32F4xx_HAL_Driver/Src/stm32f4xx_ll_sdmmc.o
 .debug_macro   0x00000000000214eb      0x301 ./FATFS/App/fatfs.o
 .debug_macro   0x00000000000217ec      0x1d8 ./FATFS/Target/bsp_driver_sd.o
 .debug_macro   0x00000000000219c4       0x34 ./FATFS/Target/bsp_driver_sd.o
 .debug_macro   0x00000000000219f8      0x334 ./FATFS/Target/sd_diskio.o
 .debug_macro   0x0000000000021d2c       0x16 ./FATFS/Target/sd_diskio.o
 .debug_macro   0x0000000000021d42       0x7c ./FATFS/Target/sd_diskio.o
 .debug_macro   0x0000000000021dbe      0x2ee ./Middlewares/Third_Party/FatFs/src/diskio.o
 .debug_macro   0x00000000000220ac      0x6f5 ./Middlewares/Third_Party/FatFs/src/ff.o
 .debug_macro   0x00000000000227a1       0x58 ./Middlewares/Third_Party/FatFs/src/ff.o
 .debug_macro   0x00000000000227f9      0x2ee ./Middlewares/Third_Party/FatFs/src/ff_gen_drv.o

.debug_line     0x0000000000000000     0xff53
 .debug_line    0x0000000000000000      0xda4 ./Core/Src/File_Handling.o
 .debug_line    0x0000000000000da4      0xa7f ./Core/Src/main.o
 .debug_line    0x0000000000001823      0x777 ./Core/Src/stm32f4xx_hal_msp.o
 .debug_line    0x0000000000001f9a      0x7af ./Core/Src/stm32f4xx_it.o
 .debug_line    0x0000000000002749      0x4ef ./Core/Src/sysmem.o
 .debug_line    0x0000000000002c38      0x726 ./Core/Src/system_stm32f4xx.o
 .debug_line    0x000000000000335e       0x88 ./Core/Startup/startup_stm32f407vgtx.o
 .debug_line    0x00000000000033e6      0x98c ./Drivers/STM32F4xx_HAL_Driver/Src/stm32f4xx_hal.o
 .debug_line    0x0000000000003d72      0xc3b ./Drivers/STM32F4xx_HAL_Driver/Src/stm32f4xx_hal_cortex.o
 .debug_line    0x00000000000049ad      0xef0 ./Drivers/STM32F4xx_HAL_Driver/Src/stm32f4xx_hal_dma.o
 .debug_line    0x000000000000589d      0xb00 ./Drivers/STM32F4xx_HAL_Driver/Src/stm32f4xx_hal_gpio.o
 .debug_line    0x000000000000639d      0xd06 ./Drivers/STM32F4xx_HAL_Driver/Src/stm32f4xx_hal_rcc.o
 .debug_line    0x00000000000070a3     0x1db9 ./Drivers/STM32F4xx_HAL_Driver/Src/stm32f4xx_hal_sd.o
 .debug_line    0x0000000000008e5c      0xf1f ./Drivers/STM32F4xx_HAL_Driver/Src/stm32f4xx_ll_sdmmc.o
 .debug_line    0x0000000000009d7b      0x8a1 ./FATFS/App/fatfs.o
 .debug_line    0x000000000000a61c      0x869 ./FATFS/Target/bsp_driver_sd.o
 .debug_line    0x000000000000ae85      0xab2 ./FATFS/Target/sd_diskio.o
 .debug_line    0x000000000000b937      0x912 ./Middlewares/Third_Party/FatFs/src/diskio.o
 .debug_line    0x000000000000c249     0x33da ./Middlewares/Third_Party/FatFs/src/ff.o
 .debug_line    0x000000000000f623      0x930 ./Middlewares/Third_Party/FatFs/src/ff_gen_drv.o

.debug_str      0x0000000000000000    0xc7a38
 .debug_str     0x0000000000000000    0xc376c ./Core/Src/File_Handling.o
                                      0xc3a35 (size before relaxing)
 .debug_str     0x00000000000c376c      0xc10 ./Core/Src/main.o
                                      0xc44b6 (size before relaxing)
 .debug_str     0x00000000000c437c      0x10d ./Core/Src/stm32f4xx_hal_msp.o
                                      0xbfcc9 (size before relaxing)
 .debug_str     0x00000000000c4489      0x11e ./Core/Src/stm32f4xx_it.o
                                      0xbf68c (size before relaxing)